[2113] load("F-10-1.rr")$
[2115] load("F-10-2.rr")$
[2117] V = vars(F_10_1);
[x,y,z]
[2118] length(F_10_2);
1
[2119] G_10_1 = nd_gr(F_10_1, V, 0, 2)$
[2120] length(G_10_1);
2
[2122] G_10_1;
[z^8-832*z^7+177664*z^6+15122432*z^5-7119380480*z^4+54365782016*z^3+71705500319744*z^2-143871740739584*z-8277425775443968,x^2+y^2]
[2123] vars(G_10_1[0]);
[z]

---

In[3]:= f = z^8-832*z^7+177664*z^6+15122432*z^5-7119380480*z^4+54365782016*z^3+71705500319744*z^2-143871740739584*z-827742
5775443968                                                                                                                

                                                                2                3               4             5
Out[3]= -8277425775443968 - 143871740739584 z + 71705500319744 z  + 54365782016 z  - 7119380480 z  + 15122432 z  + 
 
             6        7    8
>    177664 z  - 832 z  + z

In[4]:= Reduce[Exists[{z}, f == 0], Reals]                                                                                

Out[4]= True

---

Since <G_10_1> has real roots with x = y = 0, we can compute the normal form of F_10_2[0] with respect to <G_10_1>.

---

[2125] subst(F_10_2,x,0,y,0);
[0]
[2126] vars(F_10_2);
[x,y,z]

---

Thus, V_R(<G_10_2>) = {(0,0,z) | z ∈ R}.
Since V_R(<G_10_1>) = {(0,0,z) | G_10_1[0](z) == 0}, this segment does not contain real points.
