[2113] load("F-11-1.rr")$
[2115] load("F-11-2.rr")$
[2117] V = vars(F_11_1);
[x,y,z]
[2118] length(F_11_1)
[2118] ;
3
[2119] length(F_11_2);
1

2120] G_11_1 = nd_gr(F_11_1, V, 0, 2)$
[2121] length(G_11_1);
3
[2122] vars(G_11_1[0]);
[z]
[2123] G_11_1;
[z^8-832*z^7+177664*z^6+15122432*z^5-7119380480*z^4+54365782016*z^3+71705500319744*z^2-143871740739584*z-8277425775443968,y,x]

---

In[5]:= f = z^8-832*z^7+177664*z^6+15122432*z^5-7119380480*z^4+54365782016*z^3+71705500319744*z^2-143871740739584*z-827742
5775443968                                                                                                                

                                                                2                3               4             5
Out[5]= -8277425775443968 - 143871740739584 z + 71705500319744 z  + 54365782016 z  - 7119380480 z  + 15122432 z  + 
 
             6        7    8
>    177664 z  - 832 z  + z

In[6]:= Reduce[Exists[{z}, f == 0],Reals]                                                                                 

Out[6]= True

---

Since <G_11_1> has real roots with x = y = 0, we can compute the normal form of F_11_2[0] with respect to <G_11_1>.

---

[2129] vars(F_11_2[0]);
[x,y,z]
[2131] F_11_2_z = subst(F_11_2,x,0,y,0);
[-17145595855068892215218322989046144*z^8+14265135751417318323061644726886391808*z^7+9786845548769278234284536797894521630720*z^6-8267075538454645627944837453010226490703872*z^5+2572150702018471129433255230869004548139122688*z^4-442752141699246856083265210512451599675196178432*z^3+35183542469786719087696877418406911742383717613568*z^2-512111034487022589067798423920272627114658406334464*z+6645248523187072222981069265154492270121569673543680]

---

Let us divide F_11_2(0,0,z) by G_11_1[0](z).

---

[2132] srem(G_11_1[0],F_11_2_z[0],z);
1384533489358374747681660016416/1849813011654511416503089*z^6-863948897359625842553355850243584/1849813011654511416503089*z^5+793008052085321313951049044399693824/5549439034963534249509267*z^4-143001924190659404342494464945580539904/5549439034963534249509267*z^3+11785626588620058339967343396680427241472/5549439034963534249509267*z^2-166551116723603652222971639313558489006080/5549439034963534249509267*z+701634357804358204943740598125193412476928/1849813011654511416503089

---

Since G_11_1[0](z) does not divide F_11_2(0,0,z), this partition contains real point(s).

