[2113] load("F-12-1.rr")$
[2115] load("F-12-2.rr")$
[2117] V = vars(F_12_1);
[x,y,z]
[2118] F_12_1;
[z^4-416*z^3+9472*z^2+7028736*z-83759104,289*x^4+(578*y^2+1156*z^2-240448*z-12589312)*x^2+289*y^4+(1156*z^2-240448*z-12589312)*y^2+13761024*z^2-2862292992*z+231568736256]
[2119] length(F_12_1);
2

[2120] G_12_1 = nd_gr(F_12_1, V, 0, 2)$
[2122] vars(G_12_1);
[x,y,z]
[2123] G_12_1;
[z^4-416*z^3+9472*z^2+7028736*z-83759104,289*x^4+(578*y^2+1156*z^2-240448*z-12589312)*x^2+289*y^4+(1156*z^2-240448*z-12589312)*y^2+13761024*z^2-2862292992*z+231568736256]
[2124] vars(G_12_1[0]);
[z]

---

In[7]:= f = z^4-416*z^3+9472*z^2+7028736*z-83759104                                                                       

                                      2        3    4
Out[7]= -83759104 + 7028736 z + 9472 z  - 416 z  + z

In[8]:= g = 289*x^4+(578*y^2+1156*z^2-240448*z-12589312)*x^2+289*y^4+(1156*z^2-240448*z-12589312)*y^2+13761024*z^2-2862292
992*z+231568736256                                                                                                        

                            4        4                            2    2                               2
Out[8]= 231568736256 + 289 x  + 289 y  - 2862292992 z + 13761024 z  + y  (-12589312 - 240448 z + 1156 z ) + 
 
      2                   2                    2
>    x  (-12589312 + 578 y  - 240448 z + 1156 z )

In[9]:= Reduce[Exists[{x,y,z}, f == 0 && g == 0],Reals]                                                                   

Out[9]= True

---

Since <G_12_1> has real roots with x = y = 0, we can compute the normal form of F_12_2[0] with respect to <G_12_1>.

---

[2126] G_12_1_dp = newvect(length(G_12_1), map(dp_ptod, G_12_1, V))$
[2127] F_12_2_dp = dp_ptod(F_12_2[0],V)$
[2135] dp_nf([0,1,2],F_12_2_dp,G_12_1_dp[0],0);

[2136] dp_nf([0,1],F_12_2_dp,G_12_1_dp,0);     
(64494469616930127307543474314460384389339699660577570816)*<<2,0,2>>+(64494469616930127307543474314460384389339699660577570816)*<<0,2,2>>+(44173940645110749195230308151822148251527662401696563200)*<<0,0,4>>+(-13414849680321466479969042657407759952982657529400134729728)*<<2,0,1>>+(-13414849680321466479969042657407759952982657529400134729728)*<<0,2,1>>+(-18376359308366071665215808191158013672635507559105770291200)*<<0,0,3>>+(166459614120518598398594446010579630461007075279320278630400)*<<2,0,0>>+(166459614120518598398594446010579630461007075279320278630400)*<<0,2,0>>+(2733664977683451390709857016543009273524717427669160423325696)*<<0,0,2>>+(-171084910799583027005701896649815777126689925436609345112506368)*<<0,0,1>>+(1332266520954917022423240684685359488257689527619728680654209024)*<<0,0,0>>

[2137] dp_dtop(dp_nf([0,1],F_12_2_dp,G_12_1_dp,0),V);
(64494469616930127307543474314460384389339699660577570816*z^2-13414849680321466479969042657407759952982657529400134729728*z+166459614120518598398594446010579630461007075279320278630400)*x^2+(64494469616930127307543474314460384389339699660577570816*z^2-13414849680321466479969042657407759952982657529400134729728*z+166459614120518598398594446010579630461007075279320278630400)*y^2+44173940645110749195230308151822148251527662401696563200*z^4-18376359308366071665215808191158013672635507559105770291200*z^3+2733664977683451390709857016543009273524717427669160423325696*z^2-171084910799583027005701896649815777126689925436609345112506368*z+1332266520954917022423240684685359488257689527619728680654209024

---

The normal form of F_12_2[0] with respect to <G_12_1> is nonzero, indicating that this segment is not empty.