[2113] load("F-13-1.rr")$
[2115] load("F-13-2.rr")$
[2117] V = vars(F_13_1);
[x,y,z]
[2119] length(F_13_1);
2

[2120] G_13_1 = nd_gr(F_13_1, V, 0, 2)$
[2121] vars(G_13_1);
[x,y,z]
[2122] vars(G_13_1[0]);
[z]
[2123] G_13_1;
[z^4-416*z^3+9472*z^2+7028736*z-83759104,289*x^2+289*y^2-2009600]

---

In[10]:= f = z^4-416*z^3+9472*z^2+7028736*z-83759104                                                                      
                                       2        3    4
Out[10]= -83759104 + 7028736 z + 9472 z  - 416 z  + z

In[11]:= Reduce[Exists[{z}, f == 0], Reals]

Out[11]= True

---

Since <G_13_1> has real roots, we can compute the normal form of F_13_2[0] with respect to <G_13_1>.

---

[2120] G_13_1 = nd_gr(F_13_1, V, 0, 2)$
[2121] vars(G_13_1);
[x,y,z]
[2122] vars(G_13_1[0]);
[z]
[2123] G_13_1;
[z^4-416*z^3+9472*z^2+7028736*z-83759104,289*x^2+289*y^2-2009600]
[2124] G_13_1_dp = newvect(length(G_13_1), map(dp_ptod, G_13_1, V))$
[2125] F_13_2_dp = dp_ptod(F_13_2[0],V)$
[2126] length(G_13_1);
2

[2127] dp_nf([0,1],F_13_2_dp,G_13_1_dp,0);
(6660968906536116609639337238761375889937769166822521672139077092114432000)*<<0,0,2>>+(-1385481532559512254804982145662366185107055986699084507804928035159801856000)*<<0,0,1>>+(15536185227934199295447461682579772464560035596136298057593593042586042368000)*<<0,0,0>>
[2128] dp_dtop(dp_nf([0,1],F_13_2_dp,G_13_1_dp,0),V);
6660968906536116609639337238761375889937769166822521672139077092114432000*z^2-1385481532559512254804982145662366185107055986699084507804928035159801856000*z+15536185227934199295447461682579772464560035596136298057593593042586042368000

---

The normal form of F_13_2[0] with respect to <G_13_1> is nonzero, indicating that this segment is not empty.
