[2113] load("F-14-1.rr")$
[2115] load("F-14-2.rr")$
[2117] V = vars(F_14_1);
[x,y,z]
[2118] length(F_14_1);
2

[2119] G_14_1 = nd_gr(F_14_1, V, 0, 2)$
[2120] vars(G_14_1[0]);
[z]
[2121] G_14_1;
[z^4-416*z^3-4864*z^2+10010624*z+98824192,289*x^4+(578*y^2+1156*z^2-240448*z-16732416)*x^2+289*y^4+(1156*z^2-240448*z-16732416)*y^2+22047232*z^2-4585824256*z+126035591168]

---

In[15]:= f = z^4-416*z^3-4864*z^2+10010624*z+98824192                                                                     

                                       2        3    4
Out[15]= 98824192 + 10010624 z - 4864 z  - 416 z  + z

In[16]:= g = 289*x^4+(578*y^2+1156*z^2-240448*z-16732416)*x^2+289*y^4+(1156*z^2-240448*z-16732416)*y^2+22047232*z^2-458582
4256*z+126035591168                                                                                                       

                             4        4                            2    2                               2
Out[16]= 126035591168 + 289 x  + 289 y  - 4585824256 z + 22047232 z  + y  (-16732416 - 240448 z + 1156 z ) + 
 
      2                   2                    2
>    x  (-16732416 + 578 y  - 240448 z + 1156 z )

In[17]:= Reduce[Exists[{x,y,z}, f == 0 && g == 0],Reals]                                                                  

Out[17]= True

---

Since <G_14_1> has real roots, we can compute the normal form of F_14_2[0] with respect to <G_14_1>.

---

[2122] G_14_1_dp = newvect(length(G_14_1), map(dp_ptod, G_14_1, V))$ 
[2123] F_14_2_dp = dp_ptod(F_14_2[0],V)$
[2124] length(G_14_1);
2
[2125] dp_nf([0,1],F_14_2_dp,G_14_1_dp,0); 
(61818024482476083888403868030122023394078385108233644905387261952)*<<2,0,2>>+(61818024482476083888403868030122023394078385108233644905387261952)*<<0,2,2>>+(53807726152306387707180703376919751474790738913996846585312444416)*<<0,0,4>>+(-12858149092355025448788004550265380865968304102512598140320550486016)*<<2,0,1>>+(-12858149092355025448788004550265380865968304102512598140320550486016)*<<0,2,1>>+(-22384014079359457286187172604798616613512947388222688179489976877056)*<<0,0,3>>+(-136203534737722965185751350111948700546211024869232480942143288901632)*<<2,0,0>>+(-136203534737722965185751350111948700546211024869232480942143288901632)*<<0,2,0>>+(2526867015908252320818311679988252704404609682091746617409057505411072)*<<0,0,2>>+(-41377346744212702715407911650552887932646735973050105722356781321027584)*<<0,0,1>>+(-621217012752245660506530956646147703807952028415419041100498014687985664)*<<0,0,0>>
[2126] dp_ptod(dp_nf([0,1],F_14_2_dp,G_14_1_dp,0), V); 
dp_ptod : invalid argument
return to toplevel
[2126] dp_dtop(dp_nf([0,1],F_14_2_dp,G_14_1_dp,0), V); 
(61818024482476083888403868030122023394078385108233644905387261952*z^2-12858149092355025448788004550265380865968304102512598140320550486016*z-136203534737722965185751350111948700546211024869232480942143288901632)*x^2+(61818024482476083888403868030122023394078385108233644905387261952*z^2-12858149092355025448788004550265380865968304102512598140320550486016*z-136203534737722965185751350111948700546211024869232480942143288901632)*y^2+53807726152306387707180703376919751474790738913996846585312444416*z^4-22384014079359457286187172604798616613512947388222688179489976877056*z^3+2526867015908252320818311679988252704404609682091746617409057505411072*z^2-41377346744212702715407911650552887932646735973050105722356781321027584*z-621217012752245660506530956646147703807952028415419041100498014687985664

---

The normal form of F_14_2[0] with respect to <G_14_1> is nonzero, indicating that this segment is not empty.