[2113] load("F-17-1.rr")$
[2115] load("F-17-2.rr")$
[2117] V = vars(F_17_1);
[x,y,z]
[2118] length(F_17_1);
4

[2119] G_17_1 = nd_gr(F_17_1, V, 0, 2)$
[2120] vars(G_17_1[0]);
[z]
[2121] length(G_17_1);
2
[2122] G_17_1;
[723690328083439845467048230648201073549023251168289047513305068481106158851094356323748040514515625*z^12-903165529448132927142876191848954939789181017458024731296604725464420486246165756692037554562115500000*z^11+713466332907839020939593280331988729374380053365710353174727156977166900565000939071306709861036415960000*z^10-383821579452082371311340885540530735494829919723385599199233430533403937348854919740186111283537026838400000*z^9+158947077376515474429023381776870077434476809178211983648311758487489345180186176390988397629843980820187315200*z^8-51205763789475739153177062192765532058047956307261965250604551921577647667579874558018885856613374968729388646400*z^7+13228372144974994404948505959214052584845018330888377155024119833252648736638204883355333244057497206868501684420608*z^6-2713590680216710913451687255694860846048460070350573117648354786672938884722573903016307096766335611275478033384865792*z^5+442454558527439097798495664820348353771357536720032276884854346555969950728622237334300967798905753553191602954985013248*z^4-55452428170351799368605472876143919505473133390526110722215573714313359223181306743117970542441141202114911279849026879488*z^3+4896527961725837984078822764891311276068833517297488250939403859235293692609353346744154726389959988706917523342578805637120*z^2-263695439607109012631704786700924588835007246406618740009387434759706497566861363428393592872907670563166095550477210606370816*z+6674214245917625128580809755090931120341127455424095341466035663240678263010839832347608731257122000437202515015650519419977728,-212563759770713268988959251882636359662012520042781698692504154696763669743226676062852546337107467986602278158290200137003420172619364574932340842065037909834013717975039574313209342525093341751578694869965538987783049183232*x^2-212563759770713268988959251882636359662012520042781698692504154696763669743226676062852546337107467986602278158290200137003420172619364574932340842065037909834013717975039574313209342525093341751578694869965538987783049183232*y^2+13996521797712284206056888748686942554111759918725419195922988523330624855072775434406099415641963280027744376025223897013630257320323717870862612291155003859949125086115061519129189664105564520464289171875*z^10-14556382669620775574299164298634420256276230315474435963759908064263849849275686451782343392267641811228854151066232852894175467613136666585697116782801204014347090089559663979894357250669787101282860738750000*z^9+10190282976461135156267475598374611712831990710264889564112140515281170254360571157114274174001618654219394479024751115185277455963511059716799812223301367129685705222509086209786723754278222137671097014349180000*z^8-4699711397504825043335665432550959597271007300728272132124648933760066452353615410819608285630943188384505330598215938948469198776752733225395843406840069709038231711319303911985657331001614803642942593930837760000*z^7+1688848992614144823133848057662527512403944260069892187719037602068296935677673209102412503907373546431800847484549251400150905854210429325340087286227534707494519608546265322558215869812937071522284566495035015321600*z^6-456626940333062731536849756872478687217707401399214735990925885276015862738258959633674040646142274899181853521836459567366256767380732312676440245240398185114149894421931551400503236268332673291102285812496859854438400*z^5+97925950586535694802889079838169489329157293496290929982577574887973278030478866374417962486844132053052199902104033656313946292126423445165672586130560474535877378604329946888608804214385978561649010843904773274822180864*z^4-15716713851919669253148207985425310378380783567237219219537570855146895259988281287926396340336276998811733484647917435689378655122595123183082848400497617481862994413281873798298852676151601694822128781898613319240383463424*z^3+1824048519788084091125570298306760183480036331751557028609119292413789330026444747850386282897426614221021218929490973778698405229656341816431102729775823483301610934724388556758326523930574531144906275844304263627388643966976*z^2-133737402341229369655624841717969171333154172337863553436461808587620376585073843419112390289769601227016879088009628929764864721236977944894332999428938402337301778783283811439633937846608915612275912551904460268186222660157440*z+3008986596494738671413601822500183664233527601639123679037018883528595811154553549540084219181015764190506486444778896804335293622949856724309482777860848979795455377415988815822613213088010858498711281689486539606010116859494400]

G_17_1[0];
723690328083439845467048230648201073549023251168289047513305068481106158851094356323748040514515625*z^12-903165529448132927142876191848954939789181017458024731296604725464420486246165756692037554562115500000*z^11+713466332907839020939593280331988729374380053365710353174727156977166900565000939071306709861036415960000*z^10-383821579452082371311340885540530735494829919723385599199233430533403937348854919740186111283537026838400000*z^9+158947077376515474429023381776870077434476809178211983648311758487489345180186176390988397629843980820187315200*z^8-51205763789475739153177062192765532058047956307261965250604551921577647667579874558018885856613374968729388646400*z^7+13228372144974994404948505959214052584845018330888377155024119833252648736638204883355333244057497206868501684420608*z^6-2713590680216710913451687255694860846048460070350573117648354786672938884722573903016307096766335611275478033384865792*z^5+442454558527439097798495664820348353771357536720032276884854346555969950728622237334300967798905753553191602954985013248*z^4-55452428170351799368605472876143919505473133390526110722215573714313359223181306743117970542441141202114911279849026879488*z^3+4896527961725837984078822764891311276068833517297488250939403859235293692609353346744154726389959988706917523342578805637120*z^2-263695439607109012631704786700924588835007246406618740009387434759706497566861363428393592872907670563166095550477210606370816*z+6674214245917625128580809755090931120341127455424095341466035663240678263010839832347608731257122000437202515015650519419977728

[2124] G_17_1[1];
-212563759770713268988959251882636359662012520042781698692504154696763669743226676062852546337107467986602278158290200137003420172619364574932340842065037909834013717975039574313209342525093341751578694869965538987783049183232*x^2-212563759770713268988959251882636359662012520042781698692504154696763669743226676062852546337107467986602278158290200137003420172619364574932340842065037909834013717975039574313209342525093341751578694869965538987783049183232*y^2+13996521797712284206056888748686942554111759918725419195922988523330624855072775434406099415641963280027744376025223897013630257320323717870862612291155003859949125086115061519129189664105564520464289171875*z^10-14556382669620775574299164298634420256276230315474435963759908064263849849275686451782343392267641811228854151066232852894175467613136666585697116782801204014347090089559663979894357250669787101282860738750000*z^9+10190282976461135156267475598374611712831990710264889564112140515281170254360571157114274174001618654219394479024751115185277455963511059716799812223301367129685705222509086209786723754278222137671097014349180000*z^8-4699711397504825043335665432550959597271007300728272132124648933760066452353615410819608285630943188384505330598215938948469198776752733225395843406840069709038231711319303911985657331001614803642942593930837760000*z^7+1688848992614144823133848057662527512403944260069892187719037602068296935677673209102412503907373546431800847484549251400150905854210429325340087286227534707494519608546265322558215869812937071522284566495035015321600*z^6-456626940333062731536849756872478687217707401399214735990925885276015862738258959633674040646142274899181853521836459567366256767380732312676440245240398185114149894421931551400503236268332673291102285812496859854438400*z^5+97925950586535694802889079838169489329157293496290929982577574887973278030478866374417962486844132053052199902104033656313946292126423445165672586130560474535877378604329946888608804214385978561649010843904773274822180864*z^4-15716713851919669253148207985425310378380783567237219219537570855146895259988281287926396340336276998811733484647917435689378655122595123183082848400497617481862994413281873798298852676151601694822128781898613319240383463424*z^3+1824048519788084091125570298306760183480036331751557028609119292413789330026444747850386282897426614221021218929490973778698405229656341816431102729775823483301610934724388556758326523930574531144906275844304263627388643966976*z^2-133737402341229369655624841717969171333154172337863553436461808587620376585073843419112390289769601227016879088009628929764864721236977944894332999428938402337301778783283811439633937846608915612275912551904460268186222660157440*z+3008986596494738671413601822500183664233527601639123679037018883528595811154553549540084219181015764190506486444778896804335293622949856724309482777860848979795455377415988815822613213088010858498711281689486539606010116859494400

---

In[21]:= f = 723690328083439845467048230648201073549023251168289047513305068481106158851094356323748040514515625*z^12-9031
65529448132927142876191848954939789181017458024731296604725464420486246165756692037554562115500000*z^11+713466332907839020
939593280331988729374380053365710353174727156977166900565000939071306709861036415960000*z^10-38382157945208237131134088554
0530735494829919723385599199233430533403937348854919740186111283537026838400000*z^9+15894707737651547442902338177687007743
4476809178211983648311758487489345180186176390988397629843980820187315200*z^8-51205763789475739153177062192765532058047956
307261965250604551921577647667579874558018885856613374968729388646400*z^7+132283721449749944049485059592140525848450183308
88377155024119833252648736638204883355333244057497206868501684420608*z^6-2713590680216710913451687255694860846048460070350
573117648354786672938884722573903016307096766335611275478033384865792*z^5+442454558527439097798495664820348353771357536720
032276884854346555969950728622237334300967798905753553191602954985013248*z^4-554524281703517993686054728761439195054731333
90526110722215573714313359223181306743117970542441141202114911279849026879488*z^3+4896527961725837984078822764891311276068
833517297488250939403859235293692609353346744154726389959988706917523342578805637120*z^2-263695439607109012631704786700924
588835007246406618740009387434759706497566861363428393592872907670563166095550477210606370816*z+66742142459176251285808097
55090931120341127455424095341466035663240678263010839832347608731257122000437202515015650519419977728                     

Out[21]= 667421424591762512858080975509093112034112745542409534146603566324067826301083983234760873125712200043720251501\
 
>     5650519419977728 - 26369543960710901263170478670092458883500724640661874000938743475970649756686136342839359287290\
 
>      7670563166095550477210606370816 z + 48965279617258379840788227648913112760688335172974882509394038592352936926093\
 
                                                        2
>      53346744154726389959988706917523342578805637120 z  - 
 
>    5545242817035179936860547287614391950547313339052611072221557371431335922318130674311797054244114120211491127984902\
 
                3
>      6879488 z  + 4424545585274390977984956648203483537713575367200322768848543465559699507286222373343009677989057535\
 
                             4
>      53191602954985013248 z  - 271359068021671091345168725569486084604846007035057311764835478667293888472257390301630\
 
                                        5
>      7096766335611275478033384865792 z  + 1322837214497499440494850595921405258484501833088837715502411983325264873663\
 
                                                 6
>      8204883355333244057497206868501684420608 z  - 
 
>    51205763789475739153177062192765532058047956307261965250604551921577647667579874558018885856613374968729388646400 
 
       7
>     z  + 1589470773765154744290233817768700774344768091782119836483117584874893451801861763909883976298439808201873152\
 
           8
>      00 z  - 383821579452082371311340885540530735494829919723385599199233430533403937348854919740186111283537026838400\
 
            9
>      000 z  + 7134663329078390209395932803319887293743800533657103531747271569771669005650009390713067098610364159600\
 
           10
>      00 z   - 903165529448132927142876191848954939789181017458024731296604725464420486246165756692037554562115500000 
 
       11                                                                                                        12
>     z   + 723690328083439845467048230648201073549023251168289047513305068481106158851094356323748040514515625 z

In[22]:= g = -212563759770713268988959251882636359662012520042781698692504154696763669743226676062852546337107467986602278
158290200137003420172619364574932340842065037909834013717975039574313209342525093341751578694869965538987783049183232*x^2-
21256375977071326898895925188263635966201252004278169869250415469676366974322667606285254633710746798660227815829020013700
3420172619364574932340842065037909834013717975039574313209342525093341751578694869965538987783049183232*y^2+13996521797712
28420605688874868694255411175991872541919592298852333062485507277543440609941564196328002774437602522389701363025732032371
7870862612291155003859949125086115061519129189664105564520464289171875*z^10-1455638266962077557429916429863442025627623031
54744359637599080642638498492756864517823433922676418112288541510662328528941754676131366665856971167828012040143470900895
59663979894357250669787101282860738750000*z^9+1019028297646113515626747559837461171283199071026488956411214051528117025436
05711571142741740016186542193944790247511151852774559635110597167998122233013671296857052225090862097867237542782221376710
97014349180000*z^8-4699711397504825043335665432550959597271007300728272132124648933760066452353615410819608285630943188384
505330598215938948469198776752733225395843406840069709038231711319303911985657331001614803642942593930837760000*z^7+168884
89926141448231338480576625275124039442600698921877190376020682969356776732091024125039073735464318008474845492514001509058
54210429325340087286227534707494519608546265322558215869812937071522284566495035015321600*z^6-4566269403330627315368497568
72478687217707401399214735990925885276015862738258959633674040646142274899181853521836459567366256767380732312676440245240
398185114149894421931551400503236268332673291102285812496859854438400*z^5+979259505865356948028890798381694893291572934962
90929982577574887973278030478866374417962486844132053052199902104033656313946292126423445165672586130560474535877378604329
946888608804214385978561649010843904773274822180864*z^4-157167138519196692531482079854253103783807835672372192195375708551
46895259988281287926396340336276998811733484647917435689378655122595123183082848400497617481862994413281873798298852676151
601694822128781898613319240383463424*z^3+182404851978808409112557029830676018348003633175155702860911929241378933002644474
78503862828974266142210212189294909737786984052296563418164311027297758234833016109347243885567583265239305745311449062758
44304263627388643966976*z^2-1337374023412293696556248417179691713331541723378635534364618085876203765850738434191123902897
69601227016879088009628929764864721236977944894332999428938402337301778783283811439633937846608915612275912551904460268186
222660157440*z+30089865964947386714136018225001836642335276016391236790370188835285958111545535495400842191810157641905064
86444778896804335293622949856724309482777860848979795455377415988815822613213088010858498711281689486539606010116859494400
                                                                                                                          

Out[22]= 300898659649473867141360182250018366423352760163912367903701888352859581115455354954008421918101576419050648644\
 
>     477889680433529362294985672430948277786084897979545537741598881582261321308801085849871128168948653960601011685949\
 
>     4400 - 21256375977071326898895925188263635966201252004278169869250415469676366974322667606285254633710746798660227\
 
>      81582902001370034201726193645749323408420650379098340137179750395743132093425250933417515786948699655389877830491\
 
              2
>      83232 x  - 212563759770713268988959251882636359662012520042781698692504154696763669743226676062852546337107467986\
 
>      60227815829020013700342017261936457493234084206503790983401371797503957431320934252509334175157869486996553898778\
 
                   2
>      3049183232 y  - 1337374023412293696556248417179691713331541723378635534364618085876203765850738434191123902897696\
 
>      01227016879088009628929764864721236977944894332999428938402337301778783283811439633937846608915612275912551904460\
 
>      268186222660157440 z + 182404851978808409112557029830676018348003633175155702860911929241378933002644474785038628\
 
>      28974266142210212189294909737786984052296563418164311027297758234833016109347243885567583265239305745311449062758\
 
                                2
>      44304263627388643966976 z  - 157167138519196692531482079854253103783807835672372192195375708551468952599882812879\
 
>      26396340336276998811733484647917435689378655122595123183082848400497617481862994413281873798298852676151601694822\
 
                                    3
>      128781898613319240383463424 z  + 97925950586535694802889079838169489329157293496290929982577574887973278030478866\
 
>      37441796248684413205305219990210403365631394629212642344516567258613056047453587737860432994688860880421438597856\
 
                                     4
>      1649010843904773274822180864 z  - 4566269403330627315368497568724786872177074013992147359909258852760158627382589\
 
>      59633674040646142274899181853521836459567366256767380732312676440245240398185114149894421931551400503236268332673\
 
                                    5
>      291102285812496859854438400 z  + 16888489926141448231338480576625275124039442600698921877190376020682969356776732\
 
>      09102412503907373546431800847484549251400150905854210429325340087286227534707494519608546265322558215869812937071\
 
                                 6
>      522284566495035015321600 z  - 46997113975048250433356654325509595972710073007282721321246489337600664523536154108\
 
>      19608285630943188384505330598215938948469198776752733225395843406840069709038231711319303911985657331001614803642\
 
                           7
>      942593930837760000 z  + 10190282976461135156267475598374611712831990710264889564112140515281170254360571157114274\
 
>      17400161865421939447902475111518527745596351105971679981222330136712968570522250908620978672375427822213767109701\
 
                   8
>      4349180000 z  - 1455638266962077557429916429863442025627623031547443596375990806426384984927568645178234339226764\
 
>      1811228854151066232852894175467613136666585697116782801204014347090089559663979894357250669787101282860738750000 
 
       9
>     z  + 1399652179771228420605688874868694255411175991872541919592298852333062485507277543440609941564196328002774437\
 
                                                                                                          10
>      6025223897013630257320323717870862612291155003859949125086115061519129189664105564520464289171875 z

In[23]:= Reduce[Exists[{x,y,z}, f == 0 && g == 0],Reals]                                                                  

Out[23]= False

---

At this time, <G_17_1> does not have real roots.
Thus, this segment is empty.