terui@flopsy7 F-segments % fep asir
afo
Welcome to fep! Editmode is emacs
I'm a front end processor for asir
History will be saved to .fephistory
This is Risa/Asir, full GMP Version 20250329 (Kobe Distribution).
Copyright (C) 1994-2000, all rights reserved, FUJITSU LABORATORIES LIMITED.
Copyright 2000-2021, Risa/Asir committers, http://www.openxm.org/.
GC 7.6.12 copyright 1988-2018, H-J. Boehm, A. J. Demers, Xerox, SGI, HP, I. Maidanski.
Debug windows of ox servers will not be opened. Set Xm_noX=0 to open it.
OpenXM/Risa/Asir-Contrib $Revision$ (20250117), Copyright 2000-2025, OpenXM.org committers
helph(); [html help], ox_help(0); ox_help("keyword"); ox_grep("keyword");
     for help messages (unix version only).
http://www.math.kobe-u.ac.jp/OpenXM/Current/doc/index-doc.html
[2113] load("F-2-1.rr")$
[2115] load("F-2-2.rr")$
[2117] length(F_2_1);
4
[2118] length(F_2_2);
1
[2119] vars(F_2_1);
[x,y,z]
[2120] G_2_1 = nd_gr(F_2_1, vars(F_2_1), 0, 2)$ // F_2_1 の Groenber 基底を計算
[2137] vars(G_2_1[0]);
[z]
[2138] G_2_1[0];
21744010797839738901394584916483362072288172652666447438827450253808739337250625*z^16-36182033967605325531920589301028314488287519294036968538208877222337742257185040000*z^15+32449445830473257010298309644250090160558206753980891023918668109213371892393750051200*z^14-19852251571615718140266622270433573808400502425894907711176875644438318057565362589747200*z^13+9454655703796374515699401066586006682820709422704479135003279720834742593141068913232803840*z^12-3715337127310472292553976251653854584826782659969290601615112673049199150606163423528048721920*z^11+1228567933046062100702552740044092260515698595402143092647334906708923236624486451720353680064512*z^10-340715817150922175225452421592856540841855586048139483609999279472378396355795761598463842640199680*z^9+79000086146282915988120943135620267043508072458671792063597207367070341622839085377711995852396953600*z^8-15288056584099699495533538990814337505807284672949435485084099548020764596611844465905641763053450035200*z^7+2348851041348233229274304409104568492428428442695369399159086888433394013845947468002459349269198414020608*z^6-255794247060219626046285165901755287495024978489637269758892277400582085875479660338045905060454652568403968*z^5+17196106531084695790911554474770263900996249982964517377804891753284709605270154365131997140674639288476893184*z^4-632174633325476670447350411754665837057644800498827125432721047118769885163786812282772132655033175529324806144*z^3+13790378900661251545272370234398475297778009588161724508592249007560953519963517452566736610670891220147678216192*z^2-199143596821522486171194583502185272625441815284436644819599344289679854483038561894199574124332996217107015270400*z+1647290121852325375262918468222006574041653267670925174390067217467416181493467284863284659749962136883958017687552

---

terui@flopsy7 ev3-cgs-qe-ik % wolfram
Wolfram 14.2.0 Kernel for Mac OS X ARM (64-bit)
Copyright 1988-2024 Wolfram Research, Inc.

In[1]:= f = 21744010797839738901394584916483362072288172652666447438827450253808739337250625*z^16-3618203396760532553192058930102831448828
7519294036968538208877222337742257185040000*z^15+32449445830473257010298309644250090160558206753980891023918668109213371892393750051200*z^
14-19852251571615718140266622270433573808400502425894907711176875644438318057565362589747200*z^13+9454655703796374515699401066586006682820
709422704479135003279720834742593141068913232803840*z^12-371533712731047229255397625165385458482678265996929060161511267304919915060616342
3528048721920*z^11+1228567933046062100702552740044092260515698595402143092647334906708923236624486451720353680064512*z^10-3407158171509221
75225452421592856540841855586048139483609999279472378396355795761598463842640199680*z^9+79000086146282915988120943135620267043508072458671
792063597207367070341622839085377711995852396953600*z^8-1528805658409969949553353899081433750580728467294943548508409954802076459661184446
5905641763053450035200*z^7+2348851041348233229274304409104568492428428442695369399159086888433394013845947468002459349269198414020608*z^6-
255794247060219626046285165901755287495024978489637269758892277400582085875479660338045905060454652568403968*z^5+1719610653108469579091155
4474770263900996249982964517377804891753284709605270154365131997140674639288476893184*z^4-632174633325476670447350411754665837057644800498
827125432721047118769885163786812282772132655033175529324806144*z^3+1379037890066125154527237023439847529777800958816172450859224900756095
3519963517452566736610670891220147678216192*z^2-199143596821522486171194583502185272625441815284436644819599344289679854483038561894199574
124332996217107015270400*z+164729012185232537526291846822200657404165326767092517439006721746741618149346728486328465974996213688395801768
7552                                                                                                                                      

Out[1]= 1647290121852325375262918468222006574041653267670925174390067217467416181493467284863284659749962136883958017687552 - 
 
>    199143596821522486171194583502185272625441815284436644819599344289679854483038561894199574124332996217107015270400 z + 
 
                                                                                                                        2
>    13790378900661251545272370234398475297778009588161724508592249007560953519963517452566736610670891220147678216192 z  - 
 
                                                                                                                      3
>    632174633325476670447350411754665837057644800498827125432721047118769885163786812282772132655033175529324806144 z  + 
 
                                                                                                                     4
>    17196106531084695790911554474770263900996249982964517377804891753284709605270154365131997140674639288476893184 z  - 
 
                                                                                                                   5
>    255794247060219626046285165901755287495024978489637269758892277400582085875479660338045905060454652568403968 z  + 
 
                                                                                                                 6
>    2348851041348233229274304409104568492428428442695369399159086888433394013845947468002459349269198414020608 z  - 
 
                                                                                                               7
>    15288056584099699495533538990814337505807284672949435485084099548020764596611844465905641763053450035200 z  + 
 
                                                                                                            8
>    79000086146282915988120943135620267043508072458671792063597207367070341622839085377711995852396953600 z  - 
 
                                                                                                          9
>    340715817150922175225452421592856540841855586048139483609999279472378396355795761598463842640199680 z  + 
 
                                                                                                        10
>    1228567933046062100702552740044092260515698595402143092647334906708923236624486451720353680064512 z   - 
 
                                                                                                     11
>    3715337127310472292553976251653854584826782659969290601615112673049199150606163423528048721920 z   + 
 
                                                                                                  12
>    9454655703796374515699401066586006682820709422704479135003279720834742593141068913232803840 z   - 
 
                                                                                                13
>    19852251571615718140266622270433573808400502425894907711176875644438318057565362589747200 z   + 
 
                                                                                             14
>    32449445830473257010298309644250090160558206753980891023918668109213371892393750051200 z   - 
 
                                                                                          15
>    36182033967605325531920589301028314488287519294036968538208877222337742257185040000 z   + 
 
                                                                                       16
>    21744010797839738901394584916483362072288172652666447438827450253808739337250625 z

In[2]:= Reduce[Exists[{z}, f == 0], Reals]                                                                                                

Out[2]= False

---

From above we see that this partition does not contain real point(s).