[2113] load("F-20-1.rr")$
[2115] load("F-20-2.rr")$
[2117] V = vars(F_20_1);
[x,y,z]
[2118] length(F_20_1);
2
[2119] G_20_1 = nd_gr(F_20_1, V, 0, 2)$
[2120] length(G_20_1);
2
[2121] vars(G_20_1[0]);
[z]
[2122] G_20_1[0];
-z^4+416*z^3-57152*z^2+2888704*z-48219136
[2123] G_20_1[1];
x^2+y^2+z^2-208*z+3072

---

In[31]:= f = -z^4+416*z^3-57152*z^2+2888704*z-48219136                                                                    

                                        2        3    4
Out[31]= -48219136 + 2888704 z - 57152 z  + 416 z  - z

In[32]:= Reduce[Exists[{z}, z < 0], Reals]                                                                                

Out[32]= True

---

Since G_20_1[0](z) < 0 for real z, G_20_1[1](x,y,z) has a real root.

---

[2124] length(F_20_2);
1
[2125] vars(F_20_2[0]);
[x,y,z]

---

Since <G_20_1> has real roots, we can compute the normal form of F_20_2[0] with respect to <G_20_1>.

---

[2201] normalform(F_20_2[0], G_20_1, V);
200763119714047898604796461502701976943066344507169726508564480*z^2-41758728900521962909797663992562011204157799657491303113781411840*z+1012140183355924137466590196830913616330219266375995681706868736000

---

The normal form of F_19_2[0] with respect to <G_19_1> is nonzero, indicating that this segment is not empty.


