[2113] load("verification.rr")$
0
[2150] extern F_27_1;
[2151] extern F_27_2;
[2152] loadsystem(27);
[2155] V = vars(F_27_1);
[x,y,z]
[2156] G_27_1 = nd_gr(F_27_1, V, 0, 2)$
[2157] vars(G_27_1[0]);
[z]
[2158] G_27_1;
[z^8-832*z^7+302848*z^6-62992384*z^5+8308948992*z^4-731220279296*z^3+43212498534400*z^2-1592406000533504*z+31313210757873664,x^2+y^2]

---

In[55]:= f = z^8-832*z^7+302848*z^6-62992384*z^5+8308948992*z^4-731220279296*z^3+43212498534400*z^2-1592406000533504*z+313
13210757873664                                                                                                            

                                                                  2                 3               4             5
Out[55]= 31313210757873664 - 1592406000533504 z + 43212498534400 z  - 731220279296 z  + 8308948992 z  - 62992384 z  + 
 
             6        7    8
>    302848 z  - 832 z  + z

In[56]:= Reduce[Exists[{z}, f == 0], Reals]                                                                               

Out[56]= False

---

Since G_27_1[0](z) == 0 does not have real roots, <G_27_1> does not have zeros.
