[2113] load("verification.rr")$
0
[2150] extern F_28_1;
[2151] extern F_28_2;
[2152] loadsystem(28);
[2155] V = vars(F_28_1);
[x,y,z]
[2156] G_28_1 = nd_gr(F_28_1, V, 0, 2)$
[2157] vars(G_28_1[0]);
[z]
[2158] G_28_1;
[z^4-416*z^3+64896*z^2-4499456*z+176955392,x^2+y^2+4*z^2-832*z+43264]

---

In[57]:= f = z^4-416*z^3+64896*z^2-4499456*z+176955392                                                                    

                                        2        3    4
Out[57]= 176955392 - 4499456 z + 64896 z  - 416 z  + z

In[58]:= g = x^2+y^2+4*z^2-832*z+43264                                                                                    

                  2    2              2
Out[58]= 43264 + x  + y  - 832 z + 4 z

In[59]:= Reduce[Exists[{x,y,z}, f == 0 && g == 0], Reals]                                                                 

Out[59]= False

---

Thus, <G_28_1> does not have zeros.
