[2113] load("verification.rr")$
0
[2150] extern F_29_1;
[2151] extern F_29_2;
[2152] loadsystem(29);
[2155] V = vars(F_29_1);
[x,y,z]
[2156] G_29_1 = nd_gr(F_29_1, V, 0, 2)$
[2157] vars(G_29_1[0]);
[z]
[2158] G_29_1;
[z^4-416*z^3+64896*z^2-4499456*z+176955392,x^2+y^2+15488]

---

In[60]:= f = z^4-416*z^3+64896*z^2-4499456*z+176955392                                                                    

                                        2        3    4
Out[60]= 176955392 - 4499456 z + 64896 z  - 416 z  + z

In[61]:= g = x^2+y^2+15488                                                                                                

                  2    2
Out[61]= 15488 + x  + y

In[62]:= Reduce[Exists[{x,y,z}, f == 0 && g == 0], Reals]                                                                 

Out[62]= False

---

Thus, <G_29_1> does not have zeros.
