terui@flopsy7 F-segments % fep asir
afo
Welcome to fep! Editmode is emacs
I'm a front end processor for asir
History will be saved to .fephistory
This is Risa/Asir, full GMP Version 20250329 (Kobe Distribution).
Copyright (C) 1994-2000, all rights reserved, FUJITSU LABORATORIES LIMITED.
Copyright 2000-2021, Risa/Asir committers, http://www.openxm.org/.
GC 7.6.12 copyright 1988-2018, H-J. Boehm, A. J. Demers, Xerox, SGI, HP, I. Maidanski.
Debug windows of ox servers will not be opened. Set Xm_noX=0 to open it.
OpenXM/Risa/Asir-Contrib $Revision$ (20250117), Copyright 2000-2025, OpenXM.org committers
helph(); [html help], ox_help(0); ox_help("keyword"); ox_grep("keyword");
     for help messages (unix version only).
http://www.math.kobe-u.ac.jp/OpenXM/Current/doc/index-doc.html
[2113] load("F-3-1.rr")$
[2115] load("F-3-2.rr")
[2115] $
[2117] length(F_3_1);
3
[2124] G_3_1 = nd_gr(F_3_1, vars(F_3_1), 0, 2);
[23421256401663497179450986356740751535809407915589931177025*z^8-19486485326184029653303220648808305277793427385770822739284800*z^7+12364001085755781419091179102674014541150127037506985225164276480*z^6-4764415123479517099291108876543436255293087322941397718029046968320*z^5+1915309812625347183190539159424857694099958057969436597059809618386944*z^4-495776127986329503121439862172392769990112664235158422057816934761365504*z^3+133278159851259337588901938234264798869822597339798166560055152971040686080*z^2-18220541914094039673867965931144887980289765725141563155978401825232133292032*z+4320878733925160078426204109616004024020240299590108971816182448821952780959744,132973334228565139532714550269699931097696605657135417959131059352240128*x^2+132973334228565139532714550269699931097696605657135417959131059352240128*y^2-605583569767959802939353464058032108797506449147679802910275*z^6+377884147535206917034156561572212035889644024268152197016011600*z^5-89504299423252178167590710563623402227831033490721255494888495680*z^4+9985822295134252686774819794700366125561778155577814533039071098880*z^3+82307744165813399152951062632640153806229403261705602857112072072966144*z^2-17218138493128900587730502498471998496171727656258105856108148809902784512*z-6981770696304631346296462200219774727622617309025452710271415235366948175872]

[2120] F_3_2;
[1]

---

Investigate if the first polynomial in G_3_1 has a real root.

terui@flopsy7 ev3-cgs-qe-ik % wolfram
Wolfram 14.2.0 Kernel for Mac OS X ARM (64-bit)
Copyright 1988-2024 Wolfram Research, Inc.

In[1]:= f = 23421256401663497179450986356740751535809407915589931177025*z^8-19486485326184029653303220648808305277793427385770822739284800*
z^7+12364001085755781419091179102674014541150127037506985225164276480*z^6-47644151234795170992911088765434362552930873229413977180290469683
20*z^5+1915309812625347183190539159424857694099958057969436597059809618386944*z^4-495776127986329503121439862172392769990112664235158422057
816934761365504*z^3+133278159851259337588901938234264798869822597339798166560055152971040686080*z^2-182205419140940396738679659311448879802
89765725141563155978401825232133292032*z+4320878733925160078426204109616004024020240299590108971816182448821952780959744                   

Out[1]= 4320878733925160078426204109616004024020240299590108971816182448821952780959744 - 
 
>    18220541914094039673867965931144887980289765725141563155978401825232133292032 z + 
 
                                                                                  2
>    133278159851259337588901938234264798869822597339798166560055152971040686080 z  - 
 
                                                                               3
>    495776127986329503121439862172392769990112664235158422057816934761365504 z  + 
 
                                                                             4
>    1915309812625347183190539159424857694099958057969436597059809618386944 z  - 
 
                                                                          5
>    4764415123479517099291108876543436255293087322941397718029046968320 z  + 
 
                                                                        6
>    12364001085755781419091179102674014541150127037506985225164276480 z  - 
 
                                                                     7                                                                8
>    19486485326184029653303220648808305277793427385770822739284800 z  + 23421256401663497179450986356740751535809407915589931177025 z

In[2]:= Reduce[Exists[{z}, f == 0], Reals]                                                                                              
Out[2]= False

---

From above we see that this partition does not contain real point(s).