[2113] load("verification.rr")$
0
[2150] extern F_32_1;
[2151] extern F_32_2;
[2152] loadsystem(32);
[2155] V = vars(F_32_1);
[x,y,z]
[2156] G_32_1 = nd_gr(F_32_1, V, 0, 2);
[z^2-208*z+14688,x^4+(2*y^2-23232)*x^2+y^4-23232*y^2+374809600]

---


In[5]:= f = z^2-208*z+14688                                                                                              
                         2
Out[5]= 14688 - 208 z + z

In[6]:= g = x^8+(4*y^2-15488)*x^6+(6*y^4-46464*y^2+209893376)*x^4+(4*y^6-46464*y^4+419786752*y^2+2554222477312)*x^2+y^8-1548
8*y^6+209893376*y^4+2554222477312*y^2+5619289450086400                                                                      

                            8                  2              4          6    8    6              2
Out[6]= 5619289450086400 + x  + 2554222477312 y  + 209893376 y  - 15488 y  + y  + x  (-15488 + 4 y ) + 
 
      4                     2      4     2                             2          4      6
>    x  (209893376 - 46464 y  + 6 y ) + x  (2554222477312 + 419786752 y  - 46464 y  + 4 y )

In[7]:= Reduce[Exists[{x,y,z}, f == 0 && g == 0], Reals]                                                                    

Out[7]= False

In[8]:= Reduce[Exists[{z}, f == 0], Reals]                                                                                  

Out[8]= False

In[9]:= Reduce[Exists[{x,y}, g == 0], Reals]                                                                                

Out[9]= False

In[10]:= f = z^2-208*z+14688                                                                                                

                          2
Out[10]= 14688 - 208 z + z

In[11]:= g = x^4+(2*y^2-23232)*x^2+y^4-23232*y^2+374809600                                                                  

                      4          2    4    2              2
Out[11]= 374809600 + x  - 23232 y  + y  + x  (-23232 + 2 y )

In[12]:= Reduce[Exists[{x,y,z}, f == 0 && g == 0], Reals]                                                                   

Out[12]= False

In[13]:= Reduce[Exists[{z}, f == 0], Reals]                                                                                 

Out[13]= False

In[14]:= Reduce[Exists[{x,y}, g == 0], Reals]                                                                               

Out[14]= False

---

Thus, <G_32_1> does not have zeros.