[2113] load("verification.rr")$
0
[2150] extern F_33_1;
[2151] extern F_33_2;
[2152] loadsystem(33);
[2155] 
[2155] V = vars(F_33_1);
[x,y,z]
[2156] G_33_1 = nd_gr(F_33_1, V, 0, 2);
[z^2-208*z+6944,x^8+(4*y^2+15488)*x^6+(6*y^4+46464*y^2+209893376)*x^4+(4*y^6+46464*y^4+419786752*y^2-2554222477312)*x^2+y^8+15488*y^6+209893376*y^4-2554222477312*y^2+5619289450086400]
[2157] length(G_33_1);
2
[2158] G_33_1[0];
z^2-208*z+6944
[2159] G_33_1[1];
x^8+(4*y^2+15488)*x^6+(6*y^4+46464*y^2+209893376)*x^4+(4*y^6+46464*y^4+419786752*y^2-2554222477312)*x^2+y^8+15488*y^6+209893376*y^4-2554222477312*y^2+5619289450086400

---

In[15]:= f = z^2-208*z+6944                                                                                                 

                         2
Out[15]= 6944 - 208 z + z

In[16]:= g = x^8+(4*y^2+15488)*x^6+(6*y^4+46464*y^2+209893376)*x^4+(4*y^6+46464*y^4+419786752*y^2-2554222477312)*x^2+y^8+154
88*y^6+209893376*y^4-2554222477312*y^2+5619289450086400                                                                     

                             8                  2              4          6    8    6             2
Out[16]= 5619289450086400 + x  - 2554222477312 y  + 209893376 y  + 15488 y  + y  + x  (15488 + 4 y ) + 
 
      4                     2      4     2                              2          4      6
>    x  (209893376 + 46464 y  + 6 y ) + x  (-2554222477312 + 419786752 y  + 46464 y  + 4 y )

In[17]:= Reduce[Exists[{x,y,z}, f == 0 && g == 0], Reals]                                                                   

Out[17]= True

In[18]:= Reduce[Exists[{z}, f == 0], Reals]                                                                                 

Out[18]= True

In[19]:= Reduce[Exists[{x,y}, g == 0], Reals]                                                                               

Out[19]= True

---

Since <G_33_1> has real roots, we can compute the normal form of F_33_2[0] with respect to <G_33_1>.

---

[2161] length(F_33_2);
1
[2162] normalform(F_33_2[0], G_33_1, V);
-13296991499793537422145940105785206671237986401963409818248074311820440627423320473600*x^6+(-39890974499380612266437820317355620013713959205890229454744222935461321882269961420800*y^2-3424829035962284632318647376607377445901869644868188482335798417914671647565736430272512*z^2+712364439480155203522278654334334508747588886132583204325846070926251702693673177496682496*z-24039442581158107371313432783609630585497750230706712435421066932676323651243389256181219328)*x^4+(-39890974499380612266437820317355620013713959205890229454744222935461321882269961420800*y^4+(-6849658071924569264637294753214754891803739289736376964671596835829343295131472860545024*z^2+1424728878960310407044557308668669017495177772265166408651692141852503405387346354993364992*z-48078885162316214742626865567219261170995500461413424870842133865352647302486778512362438656)*y^2-64718959747275651070525779144033636518210050114449746118124235611071351762027019868569600*z^4+12900280089115826935661192219237171108691932142217812805881458439782118932150405055276646400*z^3-327806704617856659972443958484367201886004904209703674352637503398288749195218513709288652800*z^2-4908072676690987652610978105838198552742761440020842515334320401389437675945667739022838988800*z+29952732420460411341080700937690144523629491372502959563504658944232133362001852396770164736000)*x^2-13296991499793537422145940105785206671237986401963409818248074311820440627423320473600*y^6+(-3424829035962284632318647376607377445901869644868188482335798417914671647565736430272512*z^2+712364439480155203522278654334334508747588886132583204325846070926251702693673177496682496*z-24039442581158107371313432783609630585497750230706712435421066932676323651243389256181219328)*y^4+(-64718959747275651070525779144033636518210050114449746118124235611071351762027019868569600*z^4+12900280089115826935661192219237171108691932142217812805881458439782118932150405055276646400*z^3-327806704617856659972443958484367201886004904209703674352637503398288749195218513709288652800*z^2-4908072676690987652610978105838198552742761440020842515334320401389437675945667739022838988800*z+2995273242046041134108070093769014452362949137250295956350465894423213336200185239

---

The normal form of F_19_2[0] with respect to <G_19_1> is nonzero, indicating that this segment is not empty.
