[2113] load("verification.rr")$
0
[2150] extern F_35_1;
[2151] extern F_35_2;
[2152] loadsystem(35);
[2155] V = vars(F_35_1);
[x,y,z]
[2156] G_35_1 = nd_gr(F_35_1, V, 0, 2)$
[2157] G_35_1;
[z-104,x^8+4*y^2*x^6+(6*y^4+119939072)*x^4+(4*y^6+239878144*y^2)*x^2+y^8+119939072*y^4+3596345248055296]
[2158] G_35_1[1];
x^8+4*y^2*x^6+(6*y^4+119939072)*x^4+(4*y^6+239878144*y^2)*x^2+y^8+119939072*y^4+3596345248055296

---

In[25]:= f = x^8+4*y^2*x^6+(6*y^4+119939072)*x^4+(4*y^6+239878144*y^2)*x^2+y^8+119939072*y^4+3596345248055296               

                             8      6  2              4    8    4                 4     2             2      6
Out[25]= 3596345248055296 + x  + 4 x  y  + 119939072 y  + y  + x  (119939072 + 6 y ) + x  (239878144 y  + 4 y )

In[26]:= Reduce[Exists[{x,y}, f == 0], Reals]                                                                               

Out[26]= False

---

Thus, <G_35_1> does not contain real zeros.