[2113] load("verification.rr")$
0
[2150] extern F_38_1;
[2151] extern F_38_2;
[2152] loadsystem(38);
[2155] V = vars(F_38_1);
[x,y]
[2156] F_38_1;
[y,x]

---

We see that V_R(F_38_1) = {(0,0,z) | z in R}.

---

[2159] F_38_2_zero = subst(F_38_2,x,0,y,0)[0];
83521*z^20-173723680*z^19+161183502976*z^18-87530050762752*z^17+30469909944139776*z^16-6877674279033372672*z^15+907427529763553542144*z^14-23613577236064434651136*z^13-16857055107733134340259840*z^12+3812829071761975531240685568*z^11-413077197993443662808135761920*z^10+17828273980466320666053971017728*z^9+1694158149760724664021066383884288*z^8-386122425963352336818052499054264320*z^7+37535915123649862394347322612295663616*z^6-2320816513192151874986092756317102931968*z^5+95241818424179410784644953511245618610176*z^4-2404295051328098247943325422657656808538112*z^3+26619110959473441667936375535051681705230336*z^2+225630328981765369991391672206877174397927424*z-3830737403860465061405050941301523209691070464

---

In[27]:= f = 83521*z^20-173723680*z^19+161183502976*z^18-87530050762752*z^17+30469909944139776*z^16-6877674279033372672*z^15
+907427529763553542144*z^14-23613577236064434651136*z^13-16857055107733134340259840*z^12+3812829071761975531240685568*z^11-4
13077197993443662808135761920*z^10+17828273980466320666053971017728*z^9+1694158149760724664021066383884288*z^8-3861224259633
52336818052499054264320*z^7+37535915123649862394347322612295663616*z^6-2320816513192151874986092756317102931968*z^5+95241818
424179410784644953511245618610176*z^4-2404295051328098247943325422657656808538112*z^3+26619110959473441667936375535051681705
230336*z^2+225630328981765369991391672206877174397927424*z-3830737403860465061405050941301523209691070464                   

Out[27]= -3830737403860465061405050941301523209691070464 + 225630328981765369991391672206877174397927424 z + 
 
                                                   2                                                3
>    26619110959473441667936375535051681705230336 z  - 2404295051328098247943325422657656808538112 z  + 
 
                                                4                                             5
>    95241818424179410784644953511245618610176 z  - 2320816513192151874986092756317102931968 z  + 
 
                                             6                                         7
>    37535915123649862394347322612295663616 z  - 386122425963352336818052499054264320 z  + 
 
                                         8                                     9                                   10
>    1694158149760724664021066383884288 z  + 17828273980466320666053971017728 z  - 413077197993443662808135761920 z   + 
 
                                   11                               12                            13
>    3812829071761975531240685568 z   - 16857055107733134340259840 z   - 23613577236064434651136 z   + 
 
                            14                        15                      16                   17                 18
>    907427529763553542144 z   - 6877674279033372672 z   + 30469909944139776 z   - 87530050762752 z   + 161183502976 z   - 
 
                19          20
>    173723680 z   + 83521 z

In[28]:= Reduce[Exists[{z}, f == 0], Reals]                                                                                 

Out[28]= True

---

Since # V_R(F_38_2) = # {F_38_2_zero(z) == 0 | z in R} < infty, this segment contains real points.