[2113] load("verification.rr")$
0
[2150] extern F_39_1;
[2151] extern F_39_2;
[2152] loadsystem(39);
[2155] V = vars(F_39_1);
[x]
[2156] F_39_1;
[x]

---

We see that V_R(F_39_1) = {(0,y,z) | y,z in R}.

---

[2158] F_39_2_zero = subst(F_39_2,x,0)[0];
6975757441*y^35+(111612119056*z^2-23215320763648*z-101166151595008)*y^33+(837090892920*z^4-348229811454720*z^3+34260264509682176*z^2+406772263374610432*z-10264338029873774592)*y^31+(3906424166960*z^6-2437608680183040*z^5+490266149053026304*z^4-28182881440327204864*z^3-886565713233481793536*z^2+33615791551740519120896*z-162159136664380057321472)*y^29+(12695878542620*z^8-10562970947459840*z^7+3209745268332535296*z^6-403393734691343212544*z^5+11471051302495339167744*z^4+1248680521393612535627776*z^3-50147224544143120781017088*z^2+141167716162903347642236928*z+15564031934244561946685734912)*y^27+(30470108502288*z^10-31688912842379520*z^9+12885011672305869824*z^8-2494394960082238373888*z^7+203068522219281595957248*z^6+1875715815210313392848896*z^5-1181715022217040049479876608*z^4+41604579007528719990382395392*z^3+411692987755229191781960646656*z^2-41260453346006986604616603402240*z+73649977347397165172978098372608)*y^25+(55861865587528*z^12-69715608253234944*z^11+35509732587151094272*z^10-9281841198847535718400*z^9+1233381166830533025873920*z^8-52165924060867191561519104*z^7-5966514538922378460458385408*z^6+755141336401994668141396885504*z^5-18079195281787229275921540186112*z^4-933222493798885972663713071628288*z^3+48867005705489503974247292517482496*z^2-43296404697607824692967688196063232*z-4998662234805133712216403013630164992)*y^23+(79802665125040*z^14-116192680422058240*z^13+71120732492048791552*z^12-23408192514937831817216*z^11+4302019513019949283639296*z^10-374149186698138865555210240*z^9-5587264784283036714029547520*z^8+4246928413912090081055928745984*z^7-316869487831333675550341190385664*z^6+981298324294296774086715464744960*z^5+881307441273944947601047446169321472*z^4-32385860240528929250674740681120940032*z^3-216822266927451804342499841138340397056*z^2+15676591423104168599809029583126805872640*z-139071856014801888513321418754707641335808)*y^21+(89777998265670*z^16-149390589114074880*z^15+106789599435658833408*z^14-42379053948270888296448*z^13+9933972615424047710158848*z^12-1285216322397272616935620608*z^11+47838969867611879783012499456*z^10+11035873103860652304470686826496*z^9-1750062176157737226827801926041600*z^8+77567055503718578994707743798984704*z^7+3611517510804742884767506848892846080*z^6-484417622513172214177521551393238810624*z^5+11701852969576284843210254172864886341632*z^4+389820352146684369931354110226729873178624*z^3-17707946096027754487713532070367686568181760*z^2+98607099536246997231383907089014385041997824*z+3967823781363876889827059721435268278692872192)*y^19+(79802665125040*z^18-149390589114074880*z^17+122138257095826363392*z^16-56738078999011461562368*z^15+16163398329341680493395968*z^14-2759986689727693785114083328*z^13+218399167075576885562314850304*z^12+12396816057005877549226147184640*z^11-4886231253815656948146989288128512*z^10+447734198229387419882808393687105536*z^9-4368676607898512256774169012631240704*z^8-2306870259843622414287832560724707639296*z^7+165046764741413324179497607067411094175744*z^6-1234393475376273118534744252611127981113344*z^5-290813158037098976228745990534362734442577920*z^4+9469393762601838541833023711300906561686208512*z^3+53314684974512476401652666888093967569708384256*z^2-5091141723193203661412866689347932774789722144768*z-29214795930618378960316512962802830870540074352640)*y^17+(55861865587528*z^20-116192680422058240*z^19+106934267032439694848*z^18-56912584299999169437696*z^17+19080032037779692090146816*z^16-4037052827669524164932272128*z^15+473046254665829622293226061824*z^14-4973551853116689239256292392960*z^13-7846462818113992972771079441350656*z^12+1221605286994223482799172902746849280*z^11-62623313038317349641796630294910992384*z^10-4045717777130051889412191840217713344512*z^9+755125469919861088590145943843466152771584*z^8-33336807740985838436399636631959186974965760*z^7-800769854160397210681291073832664950435217408*z^6+119069992852954624389406391488166315874112765952*z^5-2534660028080195393882478803793394403689946415104*z^4-72127529107845229310998739340191140782391112499200*z^3+2291117203819635077449702844233222483084306334875648*z^2+36553187558250040928880105073401784685735868238921728*z+129947846957352966616453890594702079412498165940617216)*y^15+(30470108502288*z^22-69715608253234944*z^21+71323267127541997568*z^20-42786232983908873338880*z^19+16496765409494141790289920*z^18-4158615132766390971526545408*z^17+637755468239549867066564542464*z^16-36092428549524977944567404822528*z^15-7279679634701779479627338310746112*z^14+1931215339503900072124845829958664192*z^13-180516967311237944798073425350587580416*z^12+557105851566222994941818629837557858304*z^11+1583013535624792017151278551294900252442624*z^10-149306752892075168298794389639302513661313024*z^9+2943454734466212555638601015282188140285001728*z^8+414844585005872747375475099034945729620875411456*z^7-29584225805122340604561725415094127336349767827456*z^6+322803667946256633596535492894083192089835397447680*z^5+27179896746506652914195211194898859836160916653604864*z^4-479288063805096614528708778192281688540659356448849920*z^3-11907285961591765931161936026765643636790144172625494016*z^2-247558682154949998899102003379897721360397005462022651904*z+261851959061823938071493371617084735582137958500789125120)*y^13+(12695878542620*z^24-31688912842379520*z^23+35675442743463717376*z^22-23815371550575816859648*z^21+10379440589186177405861888*z^20-3034703640743618823509770240*z^19+572040143511713858250373857280*z^18-54288487664426187880928605372416*z^17-3215967421726340510044019169951744*z^16+1879004808329072427120169736187412480*z^15-268138077119320501656591937632739524608*z^14+12568544250857016365844845613315373662208*z^13+1564016477288739444496059171223209741647872*z^12-298837036171335463104733771388460446009786368*z^11+17576439328081017987173762480357873498342817792*z^10+277311076449787018274628211151115873733736136704*z^9-98229921307342877468460417360673442943278994423808*z^8+4911197400520825889658262179603551016203914401808384*z^7-17179181442487567695558642988511802060207820260769792*z^6-5577794064423496757004050398006450707693899092854833152*z^5+119660901467622801710466193655108294676298558744058396672*z^4-1620468000603057577238824485415174715990313476258818686976*z^3+139283762536965796593510400193255001295180937262708918583296*z^2+345175435055440607110240928508100315800825086665066106847232*z-4055476004075997006783469776322691529011295645909502169972736)*y^11+(3906424166960*z^26-10562970947459840*z^25+12977072870257327104*z^24-9540955130617162563584*z^23+4637521575482624325648384*z^22-1542076418326335968016072704*z^21+343887913897299284380277014528*z^20-44539095442860548729385101819904*z^19+401310604610764003565757351854080*z^18+1121421964646943278067850645721841664*z^17-232878170878350976601321655705565921280*z^16+20117051870594655349943814192505674530816*z^15+424720182604794318731032053428189810130944*z^14-307937795556194714108365457628698138636189696*z^13+32875277718204021103912410449906918296469372928*z^12-997852084787675094761244043482958864736736772096*z^11-118231091874325870487800995594778297701626084851712*z^10+14661955538410873927382986110818942134492994413264896*z^9-605138581267730056754423997967493067378975385908674560*z^8-1220604434134846813702186037545543486091100161442840576*z^7+1084357192485253180434658366956408334548922848003951165440*z^6-49214751921058761808502640494328482520922349373328896032768*z^5+1577726600811420182211598051278147555900124253249359994421248*z^4-30966270758238204921142654375116850860295443919046497768833024*z^3-287509873494981547352020642755483106259156732358841575554416640*z^2+848842654208337679528407256981242518464619706641220781658341376*z+16900517271298991612068255551302529997668555556761584188967092224)*y^9+(837090892920*z^28-2437608680183040*z^27+3245153421390788096*z^26-2605443787983507021824*z^25+1397237630447289942196224*z^24-520560431524629387441864704*z^23+133829459526285133411350740992*z^22-21691680212605984920666256703488*z^21+1218644985141571768409587498090496*z^20+383904169766573524804292651249565696*z^19-118958623147281584105064787742507925504*z^18+15152190622459978341376445344506355646464*z^17-475935493855328069902380136327629523386368*z^16-160079457998312617916357510795158630879461376*z^15+29104900151991203249811251855283089099360043008*z^14-2039262241036839667815922196433703081663405228032*z^13-19385408184612055672391318106213509214712241324032*z^12+16725982470589053427437522829751379575719124908638208*z^11-1487544233291458645956857141250088907539153249697267712*z^10+53028151265412169180230122131258784226423815995228422144*z^9+1010078412196628039913341392707872404269778769520233545728*z^8-209574935994785474497938157094177272123559169853409040793600*z^7+11447503921499555638144703808698526554128566248154581755232256*z^6-348868233225997423746343421599950565649375766995029707850776576*z^5+5067889948491458712194794290052172490857140713574781583332737024*z^4-11453716621682176984748057811103987031619115527075022943683608576*z^3+1438036262749492817151559367271664421128252592447253123803811676160*z^2-13961767701508891091088650355440128979597044618807787477153204928512*z-11397724221521646579314257014743040121184877402242155092594579734528)*y^7+(111612119056*z^30-348229811454720*z^29+499371102696577024*z^28-434715198971188215808*z^27+254947264282728598765568*z^26-105173497640425585782554624*z^25+30592971904570990295129260032*z^24-5916819411243970426221784727552*z^23+558922685000164070690164748320768*z^22+61803714908652698993756984091607040*z^21-32961114532940520874869632885673951232*z^20+5731357332870393256722384877438283808768*z^19-414091600628158847837977723009543662731264*z^18-33562528176922685779183844469463589832359936*z^17+12263111848596573108995704332816376915971538944*z^16-1403729957043214557746504381075488846543409119232*z^15+53517035177009537092238451777815942522266942701568*z^14+6923118033585846984175568832146067107666113366851584*z^13-1274531541336486741846208228437113346847005784724733952*z^12+93982565510525401265206056878218273881125772180515192832*z^11-2446531859999833357598641983362717517693167258806318530560*z^10-197760047118431738062336999033224645579692760620837246074880*z^9+25957082808815928372174392933049463219511965129250452556218368*z^8-1501988567700335935773004833851617555824227124926893503750864896*z^7+54555087793912806685635031035249053481976927651120812504637243392*z^6-1377141639702676957777676328421284926408538428164844904209667063808*z^5+27167974957194910898870376022901420573145938167218832543292481077248*z^4-388295098612564899632708114542163785347883299913040636961658203275264*z^3-882428380807053996474589163550931694761323880115649479035583438258176*z^2+54515901314078295096923193679284131978455044204758318599768633447022592*z-201610124421898429612662573714861063968889960452596014747650125857816576)*y^5+(6975757441*z^32-23215320763648*z^31+35676590632012288*z^30-33470920864197140480*z^29+21309221494966966272000*z^28-9641127677704550237077504*z^27+3128213343386314003995164672*z^26-700430231533948585010404524032*z^25+89775668356265126070323165265920*z^24+1967157060042631111064631409377280*z^23-3783919450767459171561061001442885632*z^22+875702757678047262262625799853106528256*z^21-96431247584700582473835027569078473588736*z^20-162311950658502048719062255140709314068480*z^19+1928030391557896718613446756314435949942538240*z^18-334485498427853288435784091924869197427069943808*z^17+25932203971542346260591756890424639288370322735104*z^16+364206913959062090793308912612161141833300197769216*z^15-345756725004254756221175448788088707493710162265374720*z^14+43611974054416593624002226439391592054278274043346944000*z^13-2683861719795910575106096080923410792907095853314338717696*z^12+6498429782962956605911846441529551340639334743498951753728*z^11+16409225755498898547779675439695190106396607656653148087386112*z^10-1870574497961304430314291890892031189527813592826790608036167680*z^9+124211076071392363804498144338368917462322400992381829898630594560*z^8-5567299296613341658551281579211051930667862791367954250272132300800*z^7+166389485561936917288446220105398133538327524284300666842697496002560*z^6-2843804938156415471213408335164322045650945333606588639829314817228800*z^5+7403242184747051649624691440847049355650647359347123404895269421056000*z^4+663559834142563857278431108120503664720464011886973772847420476049326080*z^3-7129345076478513299335503352122324696829430300760100751635702978415951872*z^2-31373330116241462756659972609259767545914917299639548238650634660262969344*z+468637635750773992969802967562002957319877917381960143392997022670220427264)*y^3

---

In[29]:= f = 6975757441*y^35+(111612119056*z^2-23215320763648*z-101166151595008)*y^33+(837090892920*z^4-348229811454720*z^3+
34260264509682176*z^2+406772263374610432*z-10264338029873774592)*y^31+(3906424166960*z^6-2437608680183040*z^5+49026614905302
6304*z^4-28182881440327204864*z^3-886565713233481793536*z^2+33615791551740519120896*z-162159136664380057321472)*y^29+(126958
78542620*z^8-10562970947459840*z^7+3209745268332535296*z^6-403393734691343212544*z^5+11471051302495339167744*z^4+12486805213
93612535627776*z^3-50147224544143120781017088*z^2+141167716162903347642236928*z+15564031934244561946685734912)*y^27+(3047010
8502288*z^10-31688912842379520*z^9+12885011672305869824*z^8-2494394960082238373888*z^7+203068522219281595957248*z^6+18757158
15210313392848896*z^5-1181715022217040049479876608*z^4+41604579007528719990382395392*z^3+411692987755229191781960646656*z^2-
41260453346006986604616603402240*z+73649977347397165172978098372608)*y^25+(55861865587528*z^12-69715608253234944*z^11+355097
32587151094272*z^10-9281841198847535718400*z^9+1233381166830533025873920*z^8-52165924060867191561519104*z^7-5966514538922378
460458385408*z^6+755141336401994668141396885504*z^5-18079195281787229275921540186112*z^4-933222493798885972663713071628288*z
^3+48867005705489503974247292517482496*z^2-43296404697607824692967688196063232*z-4998662234805133712216403013630164992)*y^23
+(79802665125040*z^14-116192680422058240*z^13+71120732492048791552*z^12-23408192514937831817216*z^11+43020195130199492836392
96*z^10-374149186698138865555210240*z^9-5587264784283036714029547520*z^8+4246928413912090081055928745984*z^7-316869487831333
675550341190385664*z^6+981298324294296774086715464744960*z^5+881307441273944947601047446169321472*z^4-3238586024052892925067
4740681120940032*z^3-216822266927451804342499841138340397056*z^2+15676591423104168599809029583126805872640*z-139071856014801
888513321418754707641335808)*y^21+(89777998265670*z^16-149390589114074880*z^15+106789599435658833408*z^14-423790539482708882
96448*z^13+9933972615424047710158848*z^12-1285216322397272616935620608*z^11+47838969867611879783012499456*z^10+1103587310386
0652304470686826496*z^9-1750062176157737226827801926041600*z^8+77567055503718578994707743798984704*z^7+361151751080474288476
7506848892846080*z^6-484417622513172214177521551393238810624*z^5+11701852969576284843210254172864886341632*z^4+3898203521466
84369931354110226729873178624*z^3-17707946096027754487713532070367686568181760*z^2+98607099536246997231383907089014385041997
824*z+3967823781363876889827059721435268278692872192)*y^19+(79802665125040*z^18-149390589114074880*z^17+12213825709582636339
2*z^16-56738078999011461562368*z^15+16163398329341680493395968*z^14-2759986689727693785114083328*z^13+2183991670755768855623
14850304*z^12+12396816057005877549226147184640*z^11-4886231253815656948146989288128512*z^10+44773419822938741988280839368710
5536*z^9-4368676607898512256774169012631240704*z^8-2306870259843622414287832560724707639296*z^7+1650467647414133241794976070
67411094175744*z^6-1234393475376273118534744252611127981113344*z^5-290813158037098976228745990534362734442577920*z^4+9469393
762601838541833023711300906561686208512*z^3+53314684974512476401652666888093967569708384256*z^2-5091141723193203661412866689
347932774789722144768*z-29214795930618378960316512962802830870540074352640)*y^17+(55861865587528*z^20-116192680422058240*z^1
9+106934267032439694848*z^18-56912584299999169437696*z^17+19080032037779692090146816*z^16-4037052827669524164932272128*z^15+
473046254665829622293226061824*z^14-4973551853116689239256292392960*z^13-7846462818113992972771079441350656*z^12+12216052869
94223482799172902746849280*z^11-62623313038317349641796630294910992384*z^10-4045717777130051889412191840217713344512*z^9+755
125469919861088590145943843466152771584*z^8-33336807740985838436399636631959186974965760*z^7-8007698541603972106812910738326
64950435217408*z^6+119069992852954624389406391488166315874112765952*z^5-2534660028080195393882478803793394403689946415104*z^
4-72127529107845229310998739340191140782391112499200*z^3+2291117203819635077449702844233222483084306334875648*z^2+3655318755
8250040928880105073401784685735868238921728*z+129947846957352966616453890594702079412498165940617216)*y^15+(30470108502288*z
^22-69715608253234944*z^21+71323267127541997568*z^20-42786232983908873338880*z^19+16496765409494141790289920*z^18-4158615132
766390971526545408*z^17+637755468239549867066564542464*z^16-36092428549524977944567404822528*z^15-72796796347017794796273383
10746112*z^14+1931215339503900072124845829958664192*z^13-180516967311237944798073425350587580416*z^12+5571058515662229949418
18629837557858304*z^11+1583013535624792017151278551294900252442624*z^10-149306752892075168298794389639302513661313024*z^9+29
43454734466212555638601015282188140285001728*z^8+414844585005872747375475099034945729620875411456*z^7-2958422580512234060456
1725415094127336349767827456*z^6+322803667946256633596535492894083192089835397447680*z^5+27179896746506652914195211194898859
836160916653604864*z^4-479288063805096614528708778192281688540659356448849920*z^3-119072859615917659311619360267656436367901
44172625494016*z^2-247558682154949998899102003379897721360397005462022651904*z+261851959061823938071493371617084735582137958
500789125120)*y^13+(12695878542620*z^24-31688912842379520*z^23+35675442743463717376*z^22-23815371550575816859648*z^21+103794
40589186177405861888*z^20-3034703640743618823509770240*z^19+572040143511713858250373857280*z^18-5428848766442618788092860537
2416*z^17-3215967421726340510044019169951744*z^16+1879004808329072427120169736187412480*z^15-2681380771193205016565919376327
39524608*z^14+12568544250857016365844845613315373662208*z^13+1564016477288739444496059171223209741647872*z^12-29883703617133
5463104733771388460446009786368*z^11+17576439328081017987173762480357873498342817792*z^10+2773110764497870182746282111511158
73733736136704*z^9-98229921307342877468460417360673442943278994423808*z^8+49111974005208258896582621796035510162039144018083
84*z^7-17179181442487567695558642988511802060207820260769792*z^6-5577794064423496757004050398006450707693899092854833152*z^5
+119660901467622801710466193655108294676298558744058396672*z^4-1620468000603057577238824485415174715990313476258818686976*z^
3+139283762536965796593510400193255001295180937262708918583296*z^2+345175435055440607110240928508100315800825086665066106847
232*z-4055476004075997006783469776322691529011295645909502169972736)*y^11+(3906424166960*z^26-10562970947459840*z^25+1297707
2870257327104*z^24-9540955130617162563584*z^23+4637521575482624325648384*z^22-1542076418326335968016072704*z^21+343887913897
299284380277014528*z^20-44539095442860548729385101819904*z^19+401310604610764003565757351854080*z^18+11214219646469432780678
50645721841664*z^17-232878170878350976601321655705565921280*z^16+20117051870594655349943814192505674530816*z^15+424720182604
794318731032053428189810130944*z^14-307937795556194714108365457628698138636189696*z^13+3287527771820402110391241044990691829
6469372928*z^12-997852084787675094761244043482958864736736772096*z^11-118231091874325870487800995594778297701626084851712*z^
10+14661955538410873927382986110818942134492994413264896*z^9-605138581267730056754423997967493067378975385908674560*z^8-1220
604434134846813702186037545543486091100161442840576*z^7+1084357192485253180434658366956408334548922848003951165440*z^6-49214
751921058761808502640494328482520922349373328896032768*z^5+1577726600811420182211598051278147555900124253249359994421248*z^4
-30966270758238204921142654375116850860295443919046497768833024*z^3-28750987349498154735202064275548310625915673235884157555
4416640*z^2+848842654208337679528407256981242518464619706641220781658341376*z+1690051727129899161206825555130252999766855555
6761584188967092224)*y^9+(837090892920*z^28-2437608680183040*z^27+3245153421390788096*z^26-2605443787983507021824*z^25+13972
37630447289942196224*z^24-520560431524629387441864704*z^23+133829459526285133411350740992*z^22-21691680212605984920666256703
488*z^21+1218644985141571768409587498090496*z^20+383904169766573524804292651249565696*z^19-118958623147281584105064787742507
925504*z^18+15152190622459978341376445344506355646464*z^17-475935493855328069902380136327629523386368*z^16-16007945799831261
7916357510795158630879461376*z^15+29104900151991203249811251855283089099360043008*z^14-2039262241036839667815922196433703081
663405228032*z^13-19385408184612055672391318106213509214712241324032*z^12+16725982470589053427437522829751379575719124908638
208*z^11-1487544233291458645956857141250088907539153249697267712*z^10+530281512654121691802301221312587842264238159952284221
44*z^9+1010078412196628039913341392707872404269778769520233545728*z^8-209574935994785474497938157094177272123559169853409040
793600*z^7+11447503921499555638144703808698526554128566248154581755232256*z^6-3488682332259974237463434215999505656493757669
95029707850776576*z^5+5067889948491458712194794290052172490857140713574781583332737024*z^4-114537166216821769847480578111039
87031619115527075022943683608576*z^3+1438036262749492817151559367271664421128252592447253123803811676160*z^2-139617677015088
91091088650355440128979597044618807787477153204928512*z-11397724221521646579314257014743040121184877402242155092594579734528
)*y^7+(111612119056*z^30-348229811454720*z^29+499371102696577024*z^28-434715198971188215808*z^27+254947264282728598765568*z^
26-105173497640425585782554624*z^25+30592971904570990295129260032*z^24-5916819411243970426221784727552*z^23+5589226850001640
70690164748320768*z^22+61803714908652698993756984091607040*z^21-32961114532940520874869632885673951232*z^20+5731357332870393
256722384877438283808768*z^19-414091600628158847837977723009543662731264*z^18-33562528176922685779183844469463589832359936*z
^17+12263111848596573108995704332816376915971538944*z^16-1403729957043214557746504381075488846543409119232*z^15+535170351770
09537092238451777815942522266942701568*z^14+6923118033585846984175568832146067107666113366851584*z^13-1274531541336486741846
208228437113346847005784724733952*z^12+93982565510525401265206056878218273881125772180515192832*z^11-24465318599998333575986
41983362717517693167258806318530560*z^10-197760047118431738062336999033224645579692760620837246074880*z^9+259570828088159283
72174392933049463219511965129250452556218368*z^8-1501988567700335935773004833851617555824227124926893503750864896*z^7+545550
87793912806685635031035249053481976927651120812504637243392*z^6-137714163970267695777767632842128492640853842816484490420966
7063808*z^5+27167974957194910898870376022901420573145938167218832543292481077248*z^4-388295098612564899632708114542163785347
883299913040636961658203275264*z^3-882428380807053996474589163550931694761323880115649479035583438258176*z^2+545159013140782
95096923193679284131978455044204758318599768633447022592*z-20161012442189842961266257371486106396888996045259601474765012585
7816576)*y^5+(6975757441*z^32-23215320763648*z^31+35676590632012288*z^30-33470920864197140480*z^29+21309221494966966272000*z
^28-9641127677704550237077504*z^27+3128213343386314003995164672*z^26-700430231533948585010404524032*z^25+8977566835626512607
0323165265920*z^24+1967157060042631111064631409377280*z^23-3783919450767459171561061001442885632*z^22+8757027576780472622626
25799853106528256*z^21-96431247584700582473835027569078473588736*z^20-162311950658502048719062255140709314068480*z^19+192803
0391557896718613446756314435949942538240*z^18-334485498427853288435784091924869197427069943808*z^17+259322039715423462605917
56890424639288370322735104*z^16+364206913959062090793308912612161141833300197769216*z^15-34575672500425475622117544878808870
7493710162265374720*z^14+43611974054416593624002226439391592054278274043346944000*z^13-2683861719795910575106096080923410792
907095853314338717696*z^12+6498429782962956605911846441529551340639334743498951753728*z^11+164092257554988985477796754396951
90106396607656653148087386112*z^10-1870574497961304430314291890892031189527813592826790608036167680*z^9+12421107607139236380
4498144338368917462322400992381829898630594560*z^8-5567299296613341658551281579211051930667862791367954250272132300800*z^7+1
66389485561936917288446220105398133538327524284300666842697496002560*z^6-284380493815641547121340833516432204565094533360658
8639829314817228800*z^5+7403242184747051649624691440847049355650647359347123404895269421056000*z^4+6635598341425638572784311
08120503664720464011886973772847420476049326080*z^3-712934507647851329933550335212232469682943030076010075163570297841595187
2*z^2-31373330116241462756659972609259767545914917299639548238650634660262969344*z+46863763575077399296980296756200295731987
7917381960143392997022670220427264)*y^3                                                                                     

                     35    33                                                      2
Out[29]= 6975757441 y   + y   (-101166151595008 - 23215320763648 z + 111612119056 z ) + 
 
      31                                                                    2                    3                 4
>    y   (-10264338029873774592 + 406772263374610432 z + 34260264509682176 z  - 348229811454720 z  + 837090892920 z ) + 
 
      29                                                                                 2                         3
>    y   (-162159136664380057321472 + 33615791551740519120896 z - 886565713233481793536 z  - 28182881440327204864 z  + 
 
                            4                     5                  6
>       490266149053026304 z  - 2437608680183040 z  + 3906424166960 z ) + 
 
      27                                                                                              2
>    y   (15564031934244561946685734912 + 141167716162903347642236928 z - 50147224544143120781017088 z  + 
 
                                   3                            4                          5                        6
>       1248680521393612535627776 z  + 11471051302495339167744 z  - 403393734691343212544 z  + 3209745268332535296 z  - 
 
                           7                   8
>       10562970947459840 z  + 12695878542620 z ) + 
 
      25                                                                                                          2
>    y   (73649977347397165172978098372608 - 41260453346006986604616603402240 z + 411692987755229191781960646656 z  + 
 
                                       3                                 4                              5
>       41604579007528719990382395392 z  - 1181715022217040049479876608 z  + 1875715815210313392848896 z  + 
 
                                  6                           7                         8                      9
>       203068522219281595957248 z  - 2494394960082238373888 z  + 12885011672305869824 z  - 31688912842379520 z  + 
 
                        10     23
>       30470108502288 z  ) + y   (-4998662234805133712216403013630164992 - 43296404697607824692967688196063232 z + 
 
                                             2                                      3
>       48867005705489503974247292517482496 z  - 933222493798885972663713071628288 z  - 
 
                                          4                                   5                                 6
>       18079195281787229275921540186112 z  + 755141336401994668141396885504 z  - 5966514538922378460458385408 z  - 
 
                                    7                              8                           9
>       52165924060867191561519104 z  + 1233381166830533025873920 z  - 9281841198847535718400 z  + 
 
                              10                      11                   12
>       35509732587151094272 z   - 69715608253234944 z   + 55861865587528 z  ) + 
 
      21
>    y   (-139071856014801888513321418754707641335808 + 15676591423104168599809029583126805872640 z - 
 
                                                 2                                           3
>       216822266927451804342499841138340397056 z  - 32385860240528929250674740681120940032 z  + 
 
                                              4                                      5
>       881307441273944947601047446169321472 z  + 981298324294296774086715464744960 z  - 
 
                                           6                                    7                                 8
>       316869487831333675550341190385664 z  + 4246928413912090081055928745984 z  - 5587264784283036714029547520 z  - 
 
                                     9                              10                            11
>       374149186698138865555210240 z  + 4302019513019949283639296 z   - 23408192514937831817216 z   + 
 
                              12                       13                   14
>       71120732492048791552 z   - 116192680422058240 z   + 79802665125040 z  ) + 
 
      19
>    y   (3967823781363876889827059721435268278692872192 + 98607099536246997231383907089014385041997824 z - 
 
                                                      2                                               3
>       17707946096027754487713532070367686568181760 z  + 389820352146684369931354110226729873178624 z  + 
 
                                                   4                                            5
>       11701852969576284843210254172864886341632 z  - 484417622513172214177521551393238810624 z  + 
 
                                               6                                        7
>       3611517510804742884767506848892846080 z  + 77567055503718578994707743798984704 z  - 
 
                                            8                                     9                                  10
>       1750062176157737226827801926041600 z  + 11035873103860652304470686826496 z  + 47838969867611879783012499456 z   - 
 
                                      11                              12                            13
>       1285216322397272616935620608 z   + 9933972615424047710158848 z   - 42379053948270888296448 z   + 
 
                               14                       15                   16
>       106789599435658833408 z   - 149390589114074880 z   + 89777998265670 z  ) + 
 
      17
>    y   (-29214795930618378960316512962802830870540074352640 - 5091141723193203661412866689347932774789722144768 z + 
 
                                                         2                                                   3
>       53314684974512476401652666888093967569708384256 z  + 9469393762601838541833023711300906561686208512 z  - 
 
                                                       4                                                5
>       290813158037098976228745990534362734442577920 z  - 1234393475376273118534744252611127981113344 z  + 
 
                                                    6                                             7
>       165046764741413324179497607067411094175744 z  - 2306870259843622414287832560724707639296 z  - 
 
                                               8                                         9
>       4368676607898512256774169012631240704 z  + 447734198229387419882808393687105536 z  - 
 
                                            10                                     11
>       4886231253815656948146989288128512 z   + 12396816057005877549226147184640 z   + 
 
                                        12                                 13                               14
>       218399167075576885562314850304 z   - 2759986689727693785114083328 z   + 16163398329341680493395968 z   - 
 
                                 15                          16                       17                   18
>       56738078999011461562368 z   + 122138257095826363392 z   - 149390589114074880 z   + 79802665125040 z  ) + 
 
      15
>    y   (129947846957352966616453890594702079412498165940617216 + 
 
>       36553187558250040928880105073401784685735868238921728 z + 
 
                                                              2                                                       3
>       2291117203819635077449702844233222483084306334875648 z  - 72127529107845229310998739340191140782391112499200 z  - 
 
                                                           4                                                     5
>       2534660028080195393882478803793394403689946415104 z  + 119069992852954624389406391488166315874112765952 z  - 
 
                                                       6                                                 7
>       800769854160397210681291073832664950435217408 z  - 33336807740985838436399636631959186974965760 z  + 
 
                                                    8                                             9
>       755125469919861088590145943843466152771584 z  - 4045717777130051889412191840217713344512 z  - 
 
                                                10                                          11
>       62623313038317349641796630294910992384 z   + 1221605286994223482799172902746849280 z   - 
 
                                            12                                    13
>       7846462818113992972771079441350656 z   - 4973551853116689239256292392960 z   + 
 
                                        14                                 15                               16
>       473046254665829622293226061824 z   - 4037052827669524164932272128 z   + 19080032037779692090146816 z   - 
 
                                 17                          18                       19                   20
>       56912584299999169437696 z   + 106934267032439694848 z   - 116192680422058240 z   + 55861865587528 z  ) + 
 
      13
>    y   (261851959061823938071493371617084735582137958500789125120 - 
 
>       247558682154949998899102003379897721360397005462022651904 z - 
 
                                                                  2
>       11907285961591765931161936026765643636790144172625494016 z  - 
 
                                                                3
>       479288063805096614528708778192281688540659356448849920 z  + 
 
                                                               4
>       27179896746506652914195211194898859836160916653604864 z  + 
 
                                                             5                                                       6
>       322803667946256633596535492894083192089835397447680 z  - 29584225805122340604561725415094127336349767827456 z  + 
 
                                                          7                                                   8
>       414844585005872747375475099034945729620875411456 z  + 2943454734466212555638601015282188140285001728 z  - 
 
                                                       9                                                10
>       149306752892075168298794389639302513661313024 z  + 1583013535624792017151278551294900252442624 z   + 
 
                                                 11                                            12
>       557105851566222994941818629837557858304 z   - 180516967311237944798073425350587580416 z   + 
 
                                               13                                       14
>       1931215339503900072124845829958664192 z   - 7279679634701779479627338310746112 z   - 
 
                                          15                                   16                                 17
>       36092428549524977944567404822528 z   + 637755468239549867066564542464 z   - 4158615132766390971526545408 z   + 
 
                                    18                            19                         20                      21
>       16496765409494141790289920 z   - 42786232983908873338880 z   + 71323267127541997568 z   - 69715608253234944 z   + 
 
                        22     11
>       30470108502288 z  ) + y   (-4055476004075997006783469776322691529011295645909502169972736 + 
 
>       345175435055440607110240928508100315800825086665066106847232 z + 
 
                                                                      2
>       139283762536965796593510400193255001295180937262708918583296 z  - 
 
                                                                    3
>       1620468000603057577238824485415174715990313476258818686976 z  + 
 
                                                                   4
>       119660901467622801710466193655108294676298558744058396672 z  - 
 
                                                                 5
>       5577794064423496757004050398006450707693899092854833152 z  - 
 
                                                               6
>       17179181442487567695558642988511802060207820260769792 z  + 
 
                                                              7                                                       8
>       4911197400520825889658262179603551016203914401808384 z  - 98229921307342877468460417360673442943278994423808 z  + 
 
                                                          9                                                    10
>       277311076449787018274628211151115873733736136704 z  + 17576439328081017987173762480357873498342817792 z   - 
 
                                                       11                                                12
>       298837036171335463104733771388460446009786368 z   + 1564016477288739444496059171223209741647872 z   + 
 
                                                   13                                            14
>       12568544250857016365844845613315373662208 z   - 268138077119320501656591937632739524608 z   + 
 
                                               15                                       16
>       1879004808329072427120169736187412480 z   - 3215967421726340510044019169951744 z   - 
 
                                          17                                   18                                 19
>       54288487664426187880928605372416 z   + 572040143511713858250373857280 z   - 3034703640743618823509770240 z   + 
 
                                    20                            21                         22                      23
>       10379440589186177405861888 z   - 23815371550575816859648 z   + 35675442743463717376 z   - 31688912842379520 z   + 
 
                        24     9
>       12695878542620 z  ) + y  (16900517271298991612068255551302529997668555556761584188967092224 + 
 
>       848842654208337679528407256981242518464619706641220781658341376 z - 
 
                                                                         2
>       287509873494981547352020642755483106259156732358841575554416640 z  - 
 
                                                                        3
>       30966270758238204921142654375116850860295443919046497768833024 z  + 
 
                                                                       4
>       1577726600811420182211598051278147555900124253249359994421248 z  - 
 
                                                                     5
>       49214751921058761808502640494328482520922349373328896032768 z  + 
 
                                                                    6
>       1084357192485253180434658366956408334548922848003951165440 z  - 
 
                                                                 7
>       1220604434134846813702186037545543486091100161442840576 z  - 
 
                                                                8
>       605138581267730056754423997967493067378975385908674560 z  + 
 
                                                               9
>       14661955538410873927382986110818942134492994413264896 z  - 
 
                                                             10                                                     11
>       118231091874325870487800995594778297701626084851712 z   - 997852084787675094761244043482958864736736772096 z   + 
 
                                                         12                                                  13
>       32875277718204021103912410449906918296469372928 z   - 307937795556194714108365457628698138636189696 z   + 
 
                                                    14                                              15
>       424720182604794318731032053428189810130944 z   + 20117051870594655349943814192505674530816 z   - 
 
                                                 16                                          17
>       232878170878350976601321655705565921280 z   + 1121421964646943278067850645721841664 z   + 
 
                                           18                                     19
>       401310604610764003565757351854080 z   - 44539095442860548729385101819904 z   + 
 
                                        20                                 21                              22
>       343887913897299284380277014528 z   - 1542076418326335968016072704 z   + 4637521575482624325648384 z   - 
 
                                23                         24                      25                  26
>       9540955130617162563584 z   + 12977072870257327104 z   - 10562970947459840 z   + 3906424166960 z  ) + 
 
      7
>    y  (-11397724221521646579314257014743040121184877402242155092594579734528 - 
 
>       13961767701508891091088650355440128979597044618807787477153204928512 z + 
 
                                                                             2
>       1438036262749492817151559367271664421128252592447253123803811676160 z  - 
 
                                                                           3
>       11453716621682176984748057811103987031619115527075022943683608576 z  + 
 
                                                                          4
>       5067889948491458712194794290052172490857140713574781583332737024 z  - 
 
                                                                         5
>       348868233225997423746343421599950565649375766995029707850776576 z  + 
 
                                                                        6
>       11447503921499555638144703808698526554128566248154581755232256 z  - 
 
                                                                      7
>       209574935994785474497938157094177272123559169853409040793600 z  + 
 
                                                                    8
>       1010078412196628039913341392707872404269778769520233545728 z  + 
 
                                                                  9
>       53028151265412169180230122131258784226423815995228422144 z  - 
 
                                                                 10
>       1487544233291458645956857141250088907539153249697267712 z   + 
 
                                                               11
>       16725982470589053427437522829751379575719124908638208 z   - 
 
                                                            12                                                      13
>       19385408184612055672391318106213509214712241324032 z   - 2039262241036839667815922196433703081663405228032 z   + 
 
                                                         14                                                  15
>       29104900151991203249811251855283089099360043008 z   - 160079457998312617916357510795158630879461376 z   - 
 
                                                    16                                              17
>       475935493855328069902380136327629523386368 z   + 15152190622459978341376445344506355646464 z   - 
 
                                                 18                                         19
>       118958623147281584105064787742507925504 z   + 383904169766573524804292651249565696 z   + 
 
                                            20                                     21
>       1218644985141571768409587498090496 z   - 21691680212605984920666256703488 z   + 
 
                                        22                                23                              24
>       133829459526285133411350740992 z   - 520560431524629387441864704 z   + 1397237630447289942196224 z   - 
 
                                25                        26                     27                 28
>       2605443787983507021824 z   + 3245153421390788096 z   - 2437608680183040 z   + 837090892920 z  ) + 
 
      5
>    y  (-201610124421898429612662573714861063968889960452596014747650125857816576 + 
 
>       54515901314078295096923193679284131978455044204758318599768633447022592 z - 
 
                                                                               2
>       882428380807053996474589163550931694761323880115649479035583438258176 z  - 
 
                                                                               3
>       388295098612564899632708114542163785347883299913040636961658203275264 z  + 
 
                                                                              4
>       27167974957194910898870376022901420573145938167218832543292481077248 z  - 
 
                                                                             5
>       1377141639702676957777676328421284926408538428164844904209667063808 z  + 
 
                                                                           6
>       54555087793912806685635031035249053481976927651120812504637243392 z  - 
 
                                                                          7
>       1501988567700335935773004833851617555824227124926893503750864896 z  + 
 
                                                                        8
>       25957082808815928372174392933049463219511965129250452556218368 z  - 
 
                                                                      9
>       197760047118431738062336999033224645579692760620837246074880 z  - 
 
                                                                    10
>       2446531859999833357598641983362717517693167258806318530560 z   + 
 
                                                                  11
>       93982565510525401265206056878218273881125772180515192832 z   - 
 
                                                                 12
>       1274531541336486741846208228437113346847005784724733952 z   + 
 
                                                              13
>       6923118033585846984175568832146067107666113366851584 z   + 
 
                                                            14                                                      15
>       53517035177009537092238451777815942522266942701568 z   - 1403729957043214557746504381075488846543409119232 z   + 
 
                                                         16                                                 17
>       12263111848596573108995704332816376915971538944 z   - 33562528176922685779183844469463589832359936 z   - 
 
                                                    18                                             19
>       414091600628158847837977723009543662731264 z   + 5731357332870393256722384877438283808768 z   - 
 
                                                20                                        21
>       32961114532940520874869632885673951232 z   + 61803714908652698993756984091607040 z   + 
 
                                           22                                    23                                  24
>       558922685000164070690164748320768 z   - 5916819411243970426221784727552 z   + 30592971904570990295129260032 z   - 
 
                                     25                             26                          27
>       105173497640425585782554624 z   + 254947264282728598765568 z   - 434715198971188215808 z   + 
 
                            28                    29                 30
>       499371102696577024 z   - 348229811454720 z   + 111612119056 z  ) + 
 
      3
>    y  (468637635750773992969802967562002957319877917381960143392997022670220427264 - 
 
>       31373330116241462756659972609259767545914917299639548238650634660262969344 z - 
 
                                                                                   2
>       7129345076478513299335503352122324696829430300760100751635702978415951872 z  + 
 
                                                                                  3
>       663559834142563857278431108120503664720464011886973772847420476049326080 z  + 
 
                                                                                4
>       7403242184747051649624691440847049355650647359347123404895269421056000 z  - 
 
                                                                                5
>       2843804938156415471213408335164322045650945333606588639829314817228800 z  + 
 
                                                                               6
>       166389485561936917288446220105398133538327524284300666842697496002560 z  - 
 
                                                                             7
>       5567299296613341658551281579211051930667862791367954250272132300800 z  + 
 
                                                                            8
>       124211076071392363804498144338368917462322400992381829898630594560 z  - 
 
                                                                          9
>       1870574497961304430314291890892031189527813592826790608036167680 z  + 
 
                                                                        10
>       16409225755498898547779675439695190106396607656653148087386112 z   + 
 
                                                                    11
>       6498429782962956605911846441529551340639334743498951753728 z   - 
 
                                                                    12
>       2683861719795910575106096080923410792907095853314338717696 z   + 
 
                                                                  13
>       43611974054416593624002226439391592054278274043346944000 z   - 
 
                                                                14
>       345756725004254756221175448788088707493710162265374720 z   + 
 
                                                             15                                                       16
>       364206913959062090793308912612161141833300197769216 z   + 25932203971542346260591756890424639288370322735104 z   - 
 
                                                          17                                                   18
>       334485498427853288435784091924869197427069943808 z   + 1928030391557896718613446756314435949942538240 z   - 
 
                                                    19                                              20
>       162311950658502048719062255140709314068480 z   - 96431247584700582473835027569078473588736 z   + 
 
                                                 21                                          22
>       875702757678047262262625799853106528256 z   - 3783919450767459171561061001442885632 z   + 
 
                                            23                                     24
>       1967157060042631111064631409377280 z   + 89775668356265126070323165265920 z   - 
 
                                        25                                 26                              27
>       700430231533948585010404524032 z   + 3128213343386314003995164672 z   - 9641127677704550237077504 z   + 
 
                                 28                         29                      30                   31
>       21309221494966966272000 z   - 33470920864197140480 z   + 35676590632012288 z   - 23215320763648 z   + 
 
                    32
>       6975757441 z  )

In[30]:= Reduce[Exists[{y,z}, f != 0], Reals]                                                                               

Out[30]= True

---

Since there exists (y,z) in R^2 such that f(y,z) != 0, this segment contains real points.