terui@flopsy7 F-segments % fep asir
afo
Welcome to fep! Editmode is emacs
I'm a front end processor for asir
History will be saved to .fephistory
This is Risa/Asir, full GMP Version 20250329 (Kobe Distribution).
Copyright (C) 1994-2000, all rights reserved, FUJITSU LABORATORIES LIMITED.
Copyright 2000-2021, Risa/Asir committers, http://www.openxm.org/.
GC 7.6.12 copyright 1988-2018, H-J. Boehm, A. J. Demers, Xerox, SGI, HP, I. Maidanski.
Debug windows of ox servers will not be opened. Set Xm_noX=0 to open it.
OpenXM/Risa/Asir-Contrib $Revision$ (20250117), Copyright 2000-2025, OpenXM.org committers
helph(); [html help], ox_help(0); ox_help("keyword"); ox_grep("keyword");
     for help messages (unix version only).
http://www.math.kobe-u.ac.jp/OpenXM/Current/doc/index-doc.html
[2113] load("F-4-1.rr")$
[2115] load("F-4-2.rr")$
[2117] length(F_4_1);
4
[2118] length(F_4_2);
1
[2119] var(F_4_1);
0
[2121] V = vars(F_4_1);
[x,y,z]
[2122] G_4_1 = nd_gr(F_4_1, V, 0, 2)$
[2130] vars(G_4_1[0]);
[z]
[2131] G_4_1[0];
-29438533385139462504980547021838950275448952934389972703665993873225*z^12+36739289664654049206215722683255009943760293262118685934175160353784800*z^11-29400463173253932029724626141228047642476181019160455052100931594863161920*z^10+16006169276377822116384538447000676004612479422747430661836889264484687180800*z^9-7318937420148390560468718585322251177287522170372949234040038098551635347424256*z^8+2690854484168465582735336798383509439524331106105902406977461413837728441447022592*z^7-864072632301219526198881599545649944095470194858050141277192629065241689261291601920*z^6+224826271926415080486291443285960799507314045460506241121776733439616111053191545618432*z^5-51931692404473385508728594503082442512196678665514278121618378611157157127087015443038208*z^4+9383800199105759131150702557417075373734618749321878413371629279170161533746803045566513152*z^3-1449899991829388300961695681160879408813682290671417445489787011808116777357288828179394330624*z^2+144591163836020029115701683048244829252455387200163636560561439501517343421949400486445446070272*z-12473625904273523360432193424496987253450514722449316297918983038153040876234219180756150595354624

---

In[5]:=                                                                                                                                           f = -29438533385139462504980547021838950275448952934389972703665993873225*z^12+367392896646540492062157226832550099437602932621188
                                                                                                                                          5934175160353784800*z^11-29400463173253932029724626141228047642476181019160455052100931594863161920*z^10+160061692763778221163845384470007
                                                                                                                                          6004612479422747430661836889264484687180800*z^9-7318937420148390560468718585322251177287522170372949234040038098551635347424256*z^8+269084
                                                                                                                                          484168465582735336798383509439524331106105902406977461413837728441447022592*z^7-8640726323012195261988815995456499440954701948580501412779
                                                                                                                                          2629065241689261291601920*z^6+224826271926415080486291443285960799507314045460506241121776733439616111053191545618432*z^5-5193169240447335
                                                                                                                                          508728594503082442512196678665514278121618378611157157127087015443038208*z^4+9383800199105759131150702557417075373734618749321878413371622
                                                                                                                                          79170161533746803045566513152*z^3-1449899991829388300961695681160879408813682290671417445489787011808116777357288828179394330624*z^2+14451
                                                                                                                                          163836020029115701683048244829252455387200163636560561439501517343421949400486445446070272*z-124736259042735233604321934244969872534505142
                                                                                                                                          2449316297918983038153040876234219180756150595354624

Out[5]= -12473625904273523360432193424496987253450514722449316297918983038153040876234219180756150595354624 + 
 
>    144591163836020029115701683048244829252455387200163636560561439501517343421949400486445446070272 z - 
 
                                                                                                     2
>    1449899991829388300961695681160879408813682290671417445489787011808116777357288828179394330624 z  + 
 
                                                                                                  3
>    9383800199105759131150702557417075373734618749321878413371629279170161533746803045566513152 z  - 
 
                                                                                                4
>    51931692404473385508728594503082442512196678665514278121618378611157157127087015443038208 z  + 
 
                                                                                              5
>    224826271926415080486291443285960799507314045460506241121776733439616111053191545618432 z  - 
 
                                                                                           6
>    864072632301219526198881599545649944095470194858050141277192629065241689261291601920 z  + 
 
                                                                                         7
>    2690854484168465582735336798383509439524331106105902406977461413837728441447022592 z  - 
 
                                                                                      8
>    7318937420148390560468718585322251177287522170372949234040038098551635347424256 z  + 
 
                                                                                    9
>    16006169276377822116384538447000676004612479422747430661836889264484687180800 z  - 
 
                                                                                 10
>    29400463173253932029724626141228047642476181019160455052100931594863161920 z   + 
 
                                                                              11
>    36739289664654049206215722683255009943760293262118685934175160353784800 z   - 
 
                                                                           12
>    29438533385139462504980547021838950275448952934389972703665993873225 z

In[6]:=                                                                                                                                           Reduce[Exists[{z}, f == 0], Reals]

Out[6]= False

---

From above we see that this partition does not contain real point(s).