terui@flopsy7 F-segments % fep asir
afo
Welcome to fep! Editmode is emacs
I'm a front end processor for asir
History will be saved to .fephistory
This is Risa/Asir, full GMP Version 20250329 (Kobe Distribution).
Copyright (C) 1994-2000, all rights reserved, FUJITSU LABORATORIES LIMITED.
Copyright 2000-2021, Risa/Asir committers, http://www.openxm.org/.
GC 7.6.12 copyright 1988-2018, H-J. Boehm, A. J. Demers, Xerox, SGI, HP, I. Maidanski.
Debug windows of ox servers will not be opened. Set Xm_noX=0 to open it.
OpenXM/Risa/Asir-Contrib $Revision$ (20250117), Copyright 2000-2025, OpenXM.org committers
helph(); [html help], ox_help(0); ox_help("keyword"); ox_grep("keyword");
     for help messages (unix version only).
http://www.math.kobe-u.ac.jp/OpenXM/Current/doc/index-doc.html
[2113] load("F-5-1.rr")$
[2115] laod("F-5-2.rr")$
evalf : laod undefined
return to toplevel
[2115] load("F-5-2.rr")$
[2117] length(F_5_1);
4
[2118] length(F_5_2);
1
[2119] V = vars(F_5_1);
[x,y,z]
[2120] G_5_1 = nd_gr(F_5_1, V, 0, 2)$
[2121] length(G_5_1);
2
[2122] vars(G_5_1[1]);
[x,y,z]
[2123] vars(G_5_1[0]);
[z]
[2124] G_5_1[0];
-29438533385139462504980547021838950275448952934389972703665993873225*z^12+36739289664654049206215722683255009943760293262118685934175160353784800*z^11-29485291161222097990541708107384956733432352505764790346551555330819603520*z^10+16094390383864714715634303691803861459206897768815939368065537949879386444800*z^9-7376055164638209103190808680505832385589347091449100261322772442639405692158976*z^8+2715475659618117081796464696269258911786011948495412297679038847769255754520133632*z^7-873362130453685479440339494418286957999739070806368522588120757565300954652713680896*z^6+227588227685654814489750614538504501665687529530349375733316483345981966135436347703296*z^5-52596319304791358424430524536822323723285784545404268178777346198899398076851637459091456*z^4+9500607348847523566110065746717185449545733761734916216774812063505409556311974387268976640*z^3-1465945003857545995666320149361403532713774253856036821409807967319711052512101094171422490624*z^2+146023800356194260828673783160032392648336123855290343337633937803042711445741166233752247992320*z-12041440872357049964419101246286825997924692071612186973516082993159124569124115267417192261484544

---

In[3]:= f = -29438533385139462504980547021838950275448952934389972703665993873225*z^12+367392896646540492062157226832550099437602932621188
                                                                                                                                          5934175160353784800*z^11-29485291161222097990541708107384956733432352505764790346551555330819603520*z^10+160943903838647147156343036918036
                                                                                                                                          1459206897768815939368065537949879386444800*z^9-7376055164638209103190808680505832385589347091449100261322772442639405692158976*z^8+271545
                                                                                                                                          659618117081796464696269258911786011948495412297679038847769255754520133632*z^7-8733621304536854794403394944182869579997390708063685225882
                                                                                                                                          0757565300954652713680896*z^6+227588227685654814489750614538504501665687529530349375733316483345981966135436347703296*z^5-5259631930479138
                                                                                                                                          424430524536822323723285784545404268178777346198899398076851637459091456*z^4+9500607348847523566110065746717185449545733761734916216774810
                                                                                                                                          63505409556311974387268976640*z^3-1465945003857545995666320149361403532713774253856036821409807967319711052512101094171422490624*z^2+14603
                                                                                                                                          800356194260828673783160032392648336123855290343337633937803042711445741166233752247992320*z-120414408723570499644191012462868259979246927
                                                                                                                                          1612186973516082993159124569124115267417192261484544

Out[3]= -12041440872357049964419101246286825997924692071612186973516082993159124569124115267417192261484544 + 
 
>    146023800356194260828673783160032392648336123855290343337633937803042711445741166233752247992320 z - 
 
                                                                                                     2
>    1465945003857545995666320149361403532713774253856036821409807967319711052512101094171422490624 z  + 
 
                                                                                                  3
>    9500607348847523566110065746717185449545733761734916216774812063505409556311974387268976640 z  - 
 
                                                                                                4
>    52596319304791358424430524536822323723285784545404268178777346198899398076851637459091456 z  + 
 
                                                                                              5
>    227588227685654814489750614538504501665687529530349375733316483345981966135436347703296 z  - 
 
                                                                                           6
>    873362130453685479440339494418286957999739070806368522588120757565300954652713680896 z  + 
 
                                                                                         7
>    2715475659618117081796464696269258911786011948495412297679038847769255754520133632 z  - 
 
                                                                                      8
>    7376055164638209103190808680505832385589347091449100261322772442639405692158976 z  + 
 
                                                                                    9
>    16094390383864714715634303691803861459206897768815939368065537949879386444800 z  - 
 
                                                                                 10
>    29485291161222097990541708107384956733432352505764790346551555330819603520 z   + 
 
                                                                              11
>    36739289664654049206215722683255009943760293262118685934175160353784800 z   - 
 
                                                                           12
>    29438533385139462504980547021838950275448952934389972703665993873225 z

In[4]=                                                                                                                                           Reduce[Exists[{z}, f == 0], Reals]

Out[4]= False

In[5]:=                                     

---

From above we see that this partition does not contain real point(s).