[2139] load("F-6-1.rr")$
[2141] load("F-6-2.rr")$
[2143] length(F_6_1);
3
[2145] V = vars(F_6_1);
[x,y,z]
[2146] length(F_6_2);
1
[2147] G_6_1 = nd_gr(F_6_1, V, 0, 2)$
[2148] length(G_6_1);
3
[2149] vars(G_6_1[0]);
[z]
[2150] G_6_1[0];
-2333197866260230321*z^14+3397136093274895347376*z^13-2289699518599730268152000*z^12+946886951999677434638317568*z^11-272646683594466241768070877184*z^10+59578112151325096559878585253888*z^9-10538419167835814940722527317262336*z^8+1558517864586026868217542831511699456*z^7-193092831904890339217057462509176356864*z^6+19986357964151450597412826217790232854528*z^5-1728087921516336897565427745623773374578688*z^4+121030723349546414876036493649601754961018880*z^3-6256042755002220736667494095144693946967392256*z^2+202872317376600140976374666676787128194228551680*z-2996081497731864623137417695409580127748200857600

---

In[3]:= f = -2333197866260230321*z^14+3397136093274895347376*z^13-2289699518599730268152000*z^12+946886951999677434638317568*z^11-27264668
3594466241768070877184*z^10+59578112151325096559878585253888*z^9-10538419167835814940722527317262336*z^8+155851786458602686821754283151169
9456*z^7-193092831904890339217057462509176356864*z^6+19986357964151450597412826217790232854528*z^5-172808792151633689756542774562377337457
8688*z^4+121030723349546414876036493649601754961018880*z^3-6256042755002220736667494095144693946967392256*z^2+2028723173766001409763746666
76787128194228551680*z-2996081497731864623137417695409580127748200857600                                                                  

Out[3]= -2996081497731864623137417695409580127748200857600 + 202872317376600140976374666676787128194228551680 z - 
 
                                                     2                                                  3
>    6256042755002220736667494095144693946967392256 z  + 121030723349546414876036493649601754961018880 z  - 
 
                                                  4                                              5
>    1728087921516336897565427745623773374578688 z  + 19986357964151450597412826217790232854528 z  - 
 
                                              6                                          7                                        8
>    193092831904890339217057462509176356864 z  + 1558517864586026868217542831511699456 z  - 10538419167835814940722527317262336 z  + 
 
                                       9                                   10                                11
>    59578112151325096559878585253888 z  - 272646683594466241768070877184 z   + 946886951999677434638317568 z   - 
 
                                12                           13                        14
>    2289699518599730268152000 z   + 3397136093274895347376 z   - 2333197866260230321 z

In[4]:= Reduce[Exists[{z}, f == 0], Reals]                                                                                                
Out[4]= True

---

[2155] G_6_1_dp = newvect(length(G_6_1), map(dp_ptod, G_6_1, V))$

F_6_2_dp = dp_ptod(F_6_2[0],V)$

[2157] dp_dtop(dp_nf([0,1,2], F_6_2_dp, G_6_1_dp, 1), V);
(-268707524619287607711963442904342532329033538018899526474367296524731857987002228641148692522104028921856*z^11+307401408164465023222486178682567856984414367493621058286676187224293245537130549565474104245287009086603264*z^10-145095094431860568451238306380739407018619746335034293627666714024183909893157894746616131399688138282206494720*z^9+36063399467015881335126739513452466735125308605261937842635355096097467348107668759827661644597368723724251955200*z^8-4764774551751495344042587215547153412064688530144386675379877582066381666545483053778097102385191275193731991470080*z^7+215304695226441763401846449009397725853223808227463344681046067927732103260063295395680181376167721897794214505218048*z^6+29256960005138986747878556106415357036641324462128812803038190795623373785720339666610996493869246183433942794328080384*z^5-5462560560206205399178225556519504990938819496206577386595418210401656006337594858201870608068676932273753387004738928640*z^4+371326909143475053254257212928318562111454723481322360551106013927398577132456318732645915277577613401364299967446288171008*z^3-9485494399070910085837834445041190316998702566458266706318346435952737462152608256419954668120222574565308470643203868983296*z^2-156524127272438271826664315092696848745854467274643578875291560184493710042594985597649094424296312598106514002625912486494208*z+10447463399772020375759716510284254426359108524744392405427016236146025166740902823021086358452017314454971629432949591121068032)*x^2+(-268707524619287607711963442904342532329033538018899526474367296524731857987002228641148692522104028921856*z^11+307401408164465023222486178682567856984414367493621058286676187224293245537130549565474104245287009086603264*z^10-145095094431860568451238306380739407018619746335034293627666714024183909893157894746616131399688138282206494720*z^9+36063399467015881335126739513452466735125308605261937842635355096097467348107668759827661644597368723724251955200*z^8-4764774551751495344042587215547153412064688530144386675379877582066381666545483053778097102385191275193731991470080*z^7+215304695226441763401846449009397725853223808227463344681046067927732103260063295395680181376167721897794214505218048*z^6+29256960005138986747878556106415357036641324462128812803038190795623373785720339666610996493869246183433942794328080384*z^5-5462560560206205399178225556519504990938819496206577386595418210401656006337594858201870608068676932273753387004738928640*z^4+371326909143475053254257212928318562111454723481322360551106013927398577132456318732645915277577613401364299967446288171008*z^3-9485494399070910085837834445041190316998702566458266706318346435952737462152608256419954668120222574565308470643203868983296*z^2-156524127272438271826664315092696848745854467274643578875291560184493710042594985597649094424296312598106514002625912486494208*z+10447463399772020375759716510284254426359108524744392405427016236146025166740902823021086358452017314454971629432949591121068032)*y^2+16098334816182126497317618981303367813393211126185877986022786904717296088433894426454289718605345670037504000*z^11-18416495029712352712931356114611052778521833528356644416010068218996586725168375223863707438084515446522904576000*z^10+9112331133086745950994859152375248837279831570049337929403840163730278580555095908687986019539504325380092882583552*z^9-2553357633328130001839221734554238506119157806285016321815047457551528290816935377892659124779312476468014861277724672*z^8+444424727745633598290296225999620204465245399455061864668644674612668424178237242085876912417655145790686191211773952000*z^7-49322276890628491471039963286099602481849687578563815332401483579362769411875836761431098660799142017313509524804359684096*z^6+3467891759442481396987665798987205233374807233163773559514749266310714346843815415049334464663875585334355586334748076670976*z^5-163446854181057384899794564991279142383778318523442208020070679215766718862034231924184650226050192059781093495644918527295488*z^4+8565992303680208920771616391295860341099656615257147675082922519143487176315331986221497092733339949668449653616479426490400768*z^3-697618817430093372064678985893769598814994825563166903877870378190334185548994442326895946780595806962943482828494642424452218880*z^2+39772019174063196715407064846370916748937294724657885435867708832043967301935095682010039452442121570303538088636088611017186082816*z-919465655828449354021645697597266293316548143111782105952441386982691818144624621745358501305052072450523115296428825690733503578112

---

Since <G_6_1> has real roots and the result of the normal form of G_6_2[0] with respect to <G_6_1> is not zero, this partition contains real point(s).


