2158] load("F-7-1.rr")$
[2160] load("F-7-2.rr")$
[2162] length(F_7_1);
3
[2163] V = vars(F_7_1);
[x,y,z]
[2164] length(F_7_2);
1
[2165] G_7_1 = nd_gr(F_7_1, V, 0, 2)$
[2166] vars(G_7_1[0]);
[z]
[2167] G_7_1[0];
-441441976921*z^8+367279724798272*z^7-132860637619998464*z^6+27290072827025502208*z^5-4283860330000895139840*z^4+616331661909765340790784*z^3-66253625835193093361500160*z^2+4004663520330776194100232192*z-493475844175614490859414749184

---

In[5]:= f = -441441976921*z^8+367279724798272*z^7-132860637619998464*z^6+27290072827025502208*z^5-4283860330000895139840*z^4+6163316619097
65340790784*z^3-66253625835193093361500160*z^2+4004663520330776194100232192*z-493475844175614490859414749184                              

                                                                                                       2                             3
Out[5]= -493475844175614490859414749184 + 4004663520330776194100232192 z - 66253625835193093361500160 z  + 616331661909765340790784 z  - 
 
                             4                         5                       6                    7                 8
>    4283860330000895139840 z  + 27290072827025502208 z  - 132860637619998464 z  + 367279724798272 z  - 441441976921 z

In[6]:= Reduce[Exists[{z}, f == 0], Reals]                                                                                              

Out[6]= False

---

From above we see that this partition does not contain real point(s).