2113] load("F-9-1.rr")$
[2115] load("F-9-2.rr")$
[2117] length(F_9_1);
2
[2118] V = vars(F_9_1);
[x,y,z]
[2119] length(F_9_2);
1
[2120] G_9_1 = nd_gr(F_9_1, V, 0, 2)$
[2121] vars(G_9_1[0]);
[z]
[2122] G_9_1;
[z-104,289*x^4+(578*y^2-13551104)*x^2+289*y^4-13551104*y^2+156595126272]

---

In[1]:= f = 289*x^4+(578*y^2-13551104)*x^2+289*y^4-13551104*y^2+156595126272                                              

                            4             2        4    2                   2
Out[1]= 156595126272 + 289 x  - 13551104 y  + 289 y  + x  (-13551104 + 578 y )

In[2]:= Reduce[Exists[{x,y}, f == 0], Reals]                                                                              

Out[2]= True

---

Since <G_9_1> has real roots, we can compute the normal form of F_9_2[0] with respect to <G_9_1>.

---

G_9_1_dp = newvect(length(G_9_1), map(dp_ptod, G_9_1, V))$
F_9_2_dp = dp_ptod(F_9_2[0],V)$

[2126] dp_nf([0,1],F_9_2_dp,G_9_1_dp,0);
(9940862298385125874644625923063211890492517740731275786030875353856226178824667136)*<<2,0,0>>+(9940862298385125874644625923063211890492517740731275786030875353856226178824667136)*<<0,2,0>>+(-9289726292884570804147077670837714347340038873474661533741411489164498936920123899904)*<<0,0,2>>+(441987024928722056764452517442278711928093797242753109066867245536089501455201735802880)*<<0,0,1>>+(53416721144053223598253921468214823668845972552542654452812469889664743546466107792556032)*<<0,0,0>>
[2127] dp_dtop(dp_nf([0,1],F_9_2_dp,G_9_1_dp,0),V);
9940862298385125874644625923063211890492517740731275786030875353856226178824667136*x^2+9940862298385125874644625923063211890492517740731275786030875353856226178824667136*y^2-9289726292884570804147077670837714347340038873474661533741411489164498936920123899904*z^2+441987024928722056764452517442278711928093797242753109066867245536089501455201735802880*z+53416721144053223598253921468214823668845972552542654452812469889664743546466107792556032

---

The normal form of F_9_2[0] with respect to <G_9_1> is nonzero, indicating that this segment is not empty.
