terui@fermat:~/project/ev3-cgs-qe-ik/preprocessing-steps/cgs/rational$ fep asir
This is Risa/Asir, full GMP Version 20230315 (Kobe Distribution).
Copyright (C) 1994-2000, all rights reserved, FUJITSU LABORATORIES LIMITED.
Copyright 2000-2021, Risa/Asir committers, http://www.openxm.org/.
GC 7.6.12 copyright 1988-2018, H-J. Boehm, A. J. Demers, Xerox, SGI, HP, I. Maidanski.
Debug windows of ox servers will not be opened. Set Xm_noX=0 to open it.
OpenXM/Risa/Asir-Contrib $Revision$ (20230107), Copyright 2000-2023, OpenXM.org committers
helph(); [html help], ox_help(0); ox_help("keyword"); ox_grep("keyword");
     for help messages (unix version only).
http://www.math.kobe-u.ac.jp/OpenXM/Current/doc/index-doc.html
[2077] cputime(1);
0
8e-06sec(5.96e-06sec)
[2080] load("cgs-F-input-rational.rr")$
3e-06sec(2.146e-06sec)
1e-06sec(9.537e-07sec)
1e-06sec(1.192e-06sec)
1e-06sec(9.537e-07sec)
2e-06sec(9.537e-07sec)
1e-06sec(9.537e-07sec)
1e-06sec(9.537e-07sec)
1e-06sec(1.192e-06sec)
0sec(1.192e-06sec)
1e-06sec(9.537e-07sec)
1e-06sec(2.146e-06sec)
1e-06sec(9.537e-07sec)
1e-06sec(9.537e-07sec)
1e-06sec(9.537e-07sec)
1e-06sec(1.192e-06sec)
1e-06sec(9.537e-07sec)
2e-06sec(9.537e-07sec)
1e-06sec(1.192e-06sec)
1e-06sec(1.192e-06sec)
1e-06sec(9.537e-07sec)
1e-06sec(9.537e-07sec)
0sec(9.537e-07sec)
1e-06sec(9.537e-07sec)
redeclaration of find_base_data
1e-06sec(9.537e-07sec)
1e-06sec(9.537e-07sec)
1e-06sec(9.537e-07sec)
1e-06sec(9.537e-07sec)
1e-06sec(0sec)
1e-06sec(1.192e-06sec)
1e-06sec(1.192e-06sec)
1e-06sec(9.537e-07sec)
0sec(9.537e-07sec)
1e-06sec(0sec)
0sec(9.537e-07sec)
1e-06sec(9.537e-07sec)
0sec(9.537e-07sec)
1e-06sec(0sec)
1e-06sec(0sec)
1e-06sec(0sec)
1e-06sec(1.192e-06sec)
1e-06sec(0sec)
1e-06sec(0sec)
0sec(9.537e-07sec)
0sec(9.537e-07sec)
1e-06sec(0sec)
1e-06sec(0sec)
1e-06sec(0sec)
0sec(9.537e-07sec)
1e-06sec(0sec)
1e-06sec(0sec)
0sec(9.537e-07sec)
0sec(0sec)
1e-06sec(9.537e-07sec)
0sec(0sec)
1e-06sec(9.537e-07sec)
1e-06sec(0sec)
1e-06sec(0sec)
0sec(9.537e-07sec)
1e-06sec(0sec)
1e-06sec(0sec)
0sec(0sec)
0sec(9.537e-07sec)
0sec(9.537e-07sec)
0sec(9.537e-07sec)
1e-06sec(0sec)
0sec(0sec)
0sec(1.192e-06sec)
1e-06sec(0sec)
1e-06sec(0sec)
1e-06sec(9.537e-07sec)
0sec(9.537e-07sec)
0sec(9.537e-07sec)
0sec(9.537e-07sec)
1e-06sec(0sec)
0sec(0sec)
0sec(9.537e-07sec)
1e-06sec(9.537e-07sec)
0sec(0sec)
0sec(0sec)
1e-06sec(0sec)
1e-06sec(9.537e-07sec)
1e-06sec(0sec)
1e-06sec(1.192e-06sec)
0sec(0sec)
1e-06sec(9.537e-07sec)
1e-06sec(9.537e-07sec)
1e-06sec(1.192e-06sec)
0sec(9.537e-07sec)
0sec(9.537e-07sec)
0sec(0sec)
0sec(0sec)
0sec(9.537e-07sec)
1e-06sec(0sec)
0sec(9.537e-07sec)
1e-06sec(9.537e-07sec)
0sec(0sec)
1e-06sec(0sec)
1e-06sec(9.537e-07sec)
1e-06sec(9.537e-07sec)
0sec(0sec)
0sec(0sec)
1e-06sec(1.192e-06sec)
1e-06sec(9.537e-07sec)
1e-06sec(1.192e-06sec)
0sec(0sec)
0sec(0sec)
0.02889sec(0.03232sec)
0sec(0sec)
0sec(0sec)
0sec(0sec)
1e-06sec(0sec)
0sec(0sec)
1e-06sec(9.537e-07sec)
1e-06sec(9.537e-07sec)
1e-06sec(9.537e-07sec)
1e-06sec(9.537e-07sec)
0sec(0sec)
0sec(0sec)
0sec(0sec)
1e-06sec(1.192e-06sec)
1e-06sec(0sec)
1e-06sec(9.537e-07sec)
0sec(0sec)
1e-06sec(9.537e-07sec)
1e-06sec(1.192e-06sec)
1e-06sec(0sec)
1e-06sec(9.537e-07sec)
1e-06sec(0sec)
1e-06sec(9.537e-07sec)
1e-06sec(9.537e-07sec)
0sec(0sec)
1e-06sec(0sec)
1e-06sec(0sec)
1e-06sec(0sec)
0sec(9.537e-07sec)
1e-06sec(1.192e-06sec)
1e-06sec(0sec)
0sec(9.537e-07sec)
0sec(9.537e-07sec)
0.03385sec(0.04025sec)
1e-06sec(9.537e-07sec)
1e-06sec(9.537e-07sec)
0sec(0sec)
0sec(0sec)
1e-06sec(9.537e-07sec)
0sec(0sec)
0sec(0sec)
1e-06sec(9.537e-07sec)
0sec(0sec)
1e-06sec(9.537e-07sec)
0sec(0sec)
0sec(9.537e-07sec)
1e-06sec(0sec)
1e-06sec(9.537e-07sec)
1e-06sec(9.537e-07sec)
0sec(1.192e-06sec)
0sec(0sec)
0sec(9.537e-07sec)
0sec(0sec)
0sec(0sec)
0sec(0sec)
1e-06sec(9.537e-07sec)
1e-06sec(0sec)
0sec(9.537e-07sec)
1e-06sec(0sec)
1e-06sec(0sec)
0sec(9.537e-07sec)
0sec(9.537e-07sec)
1e-06sec(9.537e-07sec)
1e-06sec(0sec)
0sec(1.192e-06sec)
0sec(0sec)
0sec(9.537e-07sec)
0sec(9.537e-07sec)
1e-06sec(0sec)
1e-06sec(0sec)
0.004713sec(0.007573sec)
2.3e-05sec(2.313e-05sec)
1.8e-05sec(1.812e-05sec)
1.2e-05sec(1.192e-05sec)
3e-06sec(4.053e-06sec)
3e-06sec(1.907e-06sec)
3e-06sec(1.907e-06sec)
1e-06sec(9.537e-07sec)
0.6117sec(0.6117sec)
0.6518sec(0.6636sec)
[2266] 